Archive member included to satisfy reference by file (symbol)

c:/st/stm32cubeide_1.1.0/stm32cubeide/plugins/com.st.stm32cube.ide.mcu.externaltools.gnu-tools-for-stm32.9-2020-q2-update.win32_1.5.0.202011040924/tools/bin/../lib/gcc/arm-none-eabi/9.3.1/../../../../arm-none-eabi/lib/thumb/v7e-m+fp/hard\libc_nano.a(lib_a-errno.o)
                              Core/Src/syscalls.o (__errno)
c:/st/stm32cubeide_1.1.0/stm32cubeide/plugins/com.st.stm32cube.ide.mcu.externaltools.gnu-tools-for-stm32.9-2020-q2-update.win32_1.5.0.202011040924/tools/bin/../lib/gcc/arm-none-eabi/9.3.1/../../../../arm-none-eabi/lib/thumb/v7e-m+fp/hard\libc_nano.a(lib_a-exit.o)
                              c:/st/stm32cubeide_1.1.0/stm32cubeide/plugins/com.st.stm32cube.ide.mcu.externaltools.gnu-tools-for-stm32.9-2020-q2-update.win32_1.5.0.202011040924/tools/bin/../lib/gcc/arm-none-eabi/9.3.1/../../../../arm-none-eabi/lib/thumb/v7e-m+fp/hard/crt0.o (exit)
c:/st/stm32cubeide_1.1.0/stm32cubeide/plugins/com.st.stm32cube.ide.mcu.externaltools.gnu-tools-for-stm32.9-2020-q2-update.win32_1.5.0.202011040924/tools/bin/../lib/gcc/arm-none-eabi/9.3.1/../../../../arm-none-eabi/lib/thumb/v7e-m+fp/hard\libc_nano.a(lib_a-impure.o)
                              c:/st/stm32cubeide_1.1.0/stm32cubeide/plugins/com.st.stm32cube.ide.mcu.externaltools.gnu-tools-for-stm32.9-2020-q2-update.win32_1.5.0.202011040924/tools/bin/../lib/gcc/arm-none-eabi/9.3.1/../../../../arm-none-eabi/lib/thumb/v7e-m+fp/hard\libc_nano.a(lib_a-exit.o) (_global_impure_ptr)
c:/st/stm32cubeide_1.1.0/stm32cubeide/plugins/com.st.stm32cube.ide.mcu.externaltools.gnu-tools-for-stm32.9-2020-q2-update.win32_1.5.0.202011040924/tools/bin/../lib/gcc/arm-none-eabi/9.3.1/../../../../arm-none-eabi/lib/thumb/v7e-m+fp/hard\libc_nano.a(lib_a-init.o)
                              c:/st/stm32cubeide_1.1.0/stm32cubeide/plugins/com.st.stm32cube.ide.mcu.externaltools.gnu-tools-for-stm32.9-2020-q2-update.win32_1.5.0.202011040924/tools/bin/../lib/gcc/arm-none-eabi/9.3.1/../../../../arm-none-eabi/lib/thumb/v7e-m+fp/hard/crt0.o (__libc_init_array)
c:/st/stm32cubeide_1.1.0/stm32cubeide/plugins/com.st.stm32cube.ide.mcu.externaltools.gnu-tools-for-stm32.9-2020-q2-update.win32_1.5.0.202011040924/tools/bin/../lib/gcc/arm-none-eabi/9.3.1/../../../../arm-none-eabi/lib/thumb/v7e-m+fp/hard\libc_nano.a(lib_a-memcpy-stub.o)
                              ThirdParty/queue.o (memcpy)
c:/st/stm32cubeide_1.1.0/stm32cubeide/plugins/com.st.stm32cube.ide.mcu.externaltools.gnu-tools-for-stm32.9-2020-q2-update.win32_1.5.0.202011040924/tools/bin/../lib/gcc/arm-none-eabi/9.3.1/../../../../arm-none-eabi/lib/thumb/v7e-m+fp/hard\libc_nano.a(lib_a-memset.o)
                              c:/st/stm32cubeide_1.1.0/stm32cubeide/plugins/com.st.stm32cube.ide.mcu.externaltools.gnu-tools-for-stm32.9-2020-q2-update.win32_1.5.0.202011040924/tools/bin/../lib/gcc/arm-none-eabi/9.3.1/../../../../arm-none-eabi/lib/thumb/v7e-m+fp/hard/crt0.o (memset)
c:/st/stm32cubeide_1.1.0/stm32cubeide/plugins/com.st.stm32cube.ide.mcu.externaltools.gnu-tools-for-stm32.9-2020-q2-update.win32_1.5.0.202011040924/tools/bin/../lib/gcc/arm-none-eabi/9.3.1/../../../../arm-none-eabi/lib/thumb/v7e-m+fp/hard\libc_nano.a(lib_a-printf.o)
                              Core/Src/main.o (printf)
c:/st/stm32cubeide_1.1.0/stm32cubeide/plugins/com.st.stm32cube.ide.mcu.externaltools.gnu-tools-for-stm32.9-2020-q2-update.win32_1.5.0.202011040924/tools/bin/../lib/gcc/arm-none-eabi/9.3.1/../../../../arm-none-eabi/lib/thumb/v7e-m+fp/hard\libc_nano.a(lib_a-findfp.o)
                              c:/st/stm32cubeide_1.1.0/stm32cubeide/plugins/com.st.stm32cube.ide.mcu.externaltools.gnu-tools-for-stm32.9-2020-q2-update.win32_1.5.0.202011040924/tools/bin/../lib/gcc/arm-none-eabi/9.3.1/../../../../arm-none-eabi/lib/thumb/v7e-m+fp/hard\libc_nano.a(lib_a-printf.o) (__sinit)
c:/st/stm32cubeide_1.1.0/stm32cubeide/plugins/com.st.stm32cube.ide.mcu.externaltools.gnu-tools-for-stm32.9-2020-q2-update.win32_1.5.0.202011040924/tools/bin/../lib/gcc/arm-none-eabi/9.3.1/../../../../arm-none-eabi/lib/thumb/v7e-m+fp/hard\libc_nano.a(lib_a-fwalk.o)
                              c:/st/stm32cubeide_1.1.0/stm32cubeide/plugins/com.st.stm32cube.ide.mcu.externaltools.gnu-tools-for-stm32.9-2020-q2-update.win32_1.5.0.202011040924/tools/bin/../lib/gcc/arm-none-eabi/9.3.1/../../../../arm-none-eabi/lib/thumb/v7e-m+fp/hard\libc_nano.a(lib_a-findfp.o) (_fwalk)
c:/st/stm32cubeide_1.1.0/stm32cubeide/plugins/com.st.stm32cube.ide.mcu.externaltools.gnu-tools-for-stm32.9-2020-q2-update.win32_1.5.0.202011040924/tools/bin/../lib/gcc/arm-none-eabi/9.3.1/../../../../arm-none-eabi/lib/thumb/v7e-m+fp/hard\libc_nano.a(lib_a-lock.o)
[...]
Memory Configuration

Name             Origin             Length             Attributes
CCMRAM           0x0000000010000000 0x0000000000010000 xrw
RAM              0x0000000020000000 0x0000000000020000 xrw
FLASH            0x0000000008000000 0x0000000000100000 xr
*default*        0x0000000000000000 0xffffffffffffffff

Linker script and memory map

LOAD c:/st/stm32cubeide_1.1.0/stm32cubeide/plugins/com.st.stm32cube.ide.mcu.externaltools.gnu-tools-for-stm32.9-2020-q2-update.win32_1.5.0.202011040924/tools/bin/../lib/gcc/arm-none-eabi/9.3.1/thumb/v7e-m+fp/hard/crti.o
LOAD c:/st/stm32cubeide_1.1.0/stm32cubeide/plugins/com.st.stm32cube.ide.mcu.externaltools.gnu-tools-for-stm32.9-2020-q2-update.win32_1.5.0.202011040924/tools/bin/../lib/gcc/arm-none-eabi/9.3.1/thumb/v7e-m+fp/hard/crtbegin.o
LOAD c:/st/stm32cubeide_1.1.0/stm32cubeide/plugins/com.st.stm32cube.ide.mcu.externaltools.gnu-tools-for-stm32.9-2020-q2-update.win32_1.5.0.202011040924/tools/bin/../lib/gcc/arm-none-eabi/9.3.1/../../../../arm-none-eabi/lib/thumb/v7e-m+fp/hard/crt0.o
LOAD Core/Src/main.o
LOAD Core/Src/stm32f4xx_hal_msp.o
LOAD Core/Src/stm32f4xx_hal_timebase_tim.o
LOAD Core/Src/stm32f4xx_it.o
LOAD Core/Src/syscalls.o
LOAD Core/Src/system_stm32f4xx.o
LOAD Core/Startup/startup_stm32f407vgtx.o
LOAD Drivers/STM32F4xx_HAL_Driver/Src/stm32f4xx_hal.o
LOAD Drivers/STM32F4xx_HAL_Driver/Src/stm32f4xx_hal_cortex.o
LOAD Drivers/STM32F4xx_HAL_Driver/Src/stm32f4xx_hal_dma.o
LOAD Drivers/STM32F4xx_HAL_Driver/Src/stm32f4xx_hal_dma_ex.o
LOAD Drivers/STM32F4xx_HAL_Driver/Src/stm32f4xx_hal_exti.o
LOAD Drivers/STM32F4xx_HAL_Driver/Src/stm32f4xx_hal_flash.o
LOAD Drivers/STM32F4xx_HAL_Driver/Src/stm32f4xx_hal_flash_ex.o
LOAD Drivers/STM32F4xx_HAL_Driver/Src/stm32f4xx_hal_flash_ramfunc.o
LOAD Drivers/STM32F4xx_HAL_Driver/Src/stm32f4xx_hal_gpio.o
LOAD Drivers/STM32F4xx_HAL_Driver/Src/stm32f4xx_hal_pwr.o
LOAD Drivers/STM32F4xx_HAL_Driver/Src/stm32f4xx_hal_pwr_ex.o
LOAD Drivers/STM32F4xx_HAL_Driver/Src/stm32f4xx_hal_rcc.o
LOAD Drivers/STM32F4xx_HAL_Driver/Src/stm32f4xx_hal_rcc_ex.o
LOAD Drivers/STM32F4xx_HAL_Driver/Src/stm32f4xx_hal_tim.o
LOAD Drivers/STM32F4xx_HAL_Driver/Src/stm32f4xx_hal_tim_ex.o
LOAD ThirdParty/croutine.o
LOAD ThirdParty/event_groups.o
LOAD ThirdParty/list.o
LOAD ThirdParty/queue.o
LOAD ThirdParty/stream_buffer.o
LOAD ThirdParty/tasks.o
LOAD ThirdParty/timers.o
LOAD ThirdParty/portable/GCC/ARM_CM4F/port.o
LOAD ThirdParty/portable/MemMang/heap_4.o
START GROUP
LOAD c:/st/stm32cubeide_1.1.0/stm32cubeide/plugins/com.st.stm32cube.ide.mcu.externaltools.gnu-tools-for-stm32.9-2020-q2-update.win32_1.5.0.202011040924/tools/bin/../lib/gcc/arm-none-eabi/9.3.1/../../../../arm-none-eabi/lib/thumb/v7e-m+fp/hard\libc_nano.a
LOAD c:/st/stm32cubeide_1.1.0/stm32cubeide/plugins/com.st.stm32cube.ide.mcu.externaltools.gnu-tools-for-stm32.9-2020-q2-update.win32_1.5.0.202011040924/tools/bin/../lib/gcc/arm-none-eabi/9.3.1/../../../../arm-none-eabi/lib/thumb/v7e-m+fp/hard\libm.a
END GROUP
START GROUP
LOAD c:/st/stm32cubeide_1.1.0/stm32cubeide/plugins/com.st.stm32cube.ide.mcu.externaltools.gnu-tools-for-stm32.9-2020-q2-update.win32_1.5.0.202011040924/tools/bin/../lib/gcc/arm-none-eabi/9.3.1/thumb/v7e-m+fp/hard\libgcc.a
LOAD c:/st/stm32cubeide_1.1.0/stm32cubeide/plugins/com.st.stm32cube.ide.mcu.externaltools.gnu-tools-for-stm32.9-2020-q2-update.win32_1.5.0.202011040924/tools/bin/../lib/gcc/arm-none-eabi/9.3.1/../../../../arm-none-eabi/lib/thumb/v7e-m+fp/hard\libc_nano.a
END GROUP
START GROUP
LOAD c:/st/stm32cubeide_1.1.0/stm32cubeide/plugins/com.st.stm32cube.ide.mcu.externaltools.gnu-tools-for-stm32.9-2020-q2-update.win32_1.5.0.202011040924/tools/bin/../lib/gcc/arm-none-eabi/9.3.1/thumb/v7e-m+fp/hard\libgcc.a
LOAD c:/st/stm32cubeide_1.1.0/stm32cubeide/plugins/com.st.stm32cube.ide.mcu.externaltools.gnu-tools-for-stm32.9-2020-q2-update.win32_1.5.0.202011040924/tools/bin/../lib/gcc/arm-none-eabi/9.3.1/../../../../arm-none-eabi/lib/thumb/v7e-m+fp/hard\libc_nano.a
LOAD c:/st/stm32cubeide_1.1.0/stm32cubeide/plugins/com.st.stm32cube.ide.mcu.externaltools.gnu-tools-for-stm32.9-2020-q2-update.win32_1.5.0.202011040924/tools/bin/../lib/gcc/arm-none-eabi/9.3.1/../../../../arm-none-eabi/lib/thumb/v7e-m+fp/hard\libnosys.a
END GROUP
START GROUP
LOAD c:/st/stm32cubeide_1.1.0/stm32cubeide/plugins/com.st.stm32cube.ide.mcu.externaltools.gnu-tools-for-stm32.9-2020-q2-update.win32_1.5.0.202011040924/tools/bin/../lib/gcc/arm-none-eabi/9.3.1/thumb/v7e-m+fp/hard\libgcc.a
LOAD c:/st/stm32cubeide_1.1.0/stm32cubeide/plugins/com.st.stm32cube.ide.mcu.externaltools.gnu-tools-for-stm32.9-2020-q2-update.win32_1.5.0.202011040924/tools/bin/../lib/gcc/arm-none-eabi/9.3.1/../../../../arm-none-eabi/lib/thumb/v7e-m+fp/hard\libc_nano.a
LOAD c:/st/stm32cubeide_1.1.0/stm32cubeide/plugins/com.st.stm32cube.ide.mcu.externaltools.gnu-tools-for-stm32.9-2020-q2-update.win32_1.5.0.202011040924/tools/bin/../lib/gcc/arm-none-eabi/9.3.1/../../../../arm-none-eabi/lib/thumb/v7e-m+fp/hard\libnosys.a
END GROUP
LOAD c:/st/stm32cubeide_1.1.0/stm32cubeide/plugins/com.st.stm32cube.ide.mcu.externaltools.gnu-tools-for-stm32.9-2020-q2-update.win32_1.5.0.202011040924/tools/bin/../lib/gcc/arm-none-eabi/9.3.1/thumb/v7e-m+fp/hard/crtend.o
LOAD c:/st/stm32cubeide_1.1.0/stm32cubeide/plugins/com.st.stm32cube.ide.mcu.externaltools.gnu-tools-for-stm32.9-2020-q2-update.win32_1.5.0.202011040924/tools/bin/../lib/gcc/arm-none-eabi/9.3.1/thumb/v7e-m+fp/hard/crtn.o
                0x0000000020020000                _estack = (ORIGIN (RAM) + LENGTH (RAM))
                0x0000000000000200                _Min_Heap_Size = 0x200
                0x0000000000000400                _Min_Stack_Size = 0x400

.isr_vector     0x0000000008000000      0x188
                0x0000000008000000                . = ALIGN (0x4)
 *(.isr_vector)
 .isr_vector    0x0000000008000000      0x188 Core/Startup/startup_stm32f407vgtx.o
                0x0000000008000000                g_pfnVectors
                0x0000000008000188                . = ALIGN (0x4)

.text           0x0000000008000190     0x51ec
                0x0000000008000190                . = ALIGN (0x4)
 *(.text)
 .text          0x0000000008000190       0x40 c:/st/stm32cubeide_1.1.0/stm32cubeide/plugins/com.st.stm32cube.ide.mcu.externaltools.gnu-tools-for-stm32.9-2020-q2-update.win32_1.5.0.202011040924/tools/bin/../lib/gcc/arm-none-eabi/9.3.1/thumb/v7e-m+fp/hard/crtbegin.o
 .text          0x00000000080001d0       0xa0 c:/st/stm32cubeide_1.1.0/stm32cubeide/plugins/com.st.stm32cube.ide.mcu.externaltools.gnu-tools-for-stm32.9-2020-q2-update.win32_1.5.0.202011040924/tools/bin/../lib/gcc/arm-none-eabi/9.3.1/../../../../arm-none-eabi/lib/thumb/v7e-m+fp/hard\libc_nano.a(lib_a-memchr.o)
                0x00000000080001d0                memchr
 .text          0x0000000008000270       0x30 c:/st/stm32cubeide_1.1.0/stm32cubeide/plugins/com.st.stm32cube.ide.mcu.externaltools.gnu-tools-for-stm32.9-2020-q2-update.win32_1.5.0.202011040924/tools/bin/../lib/gcc/arm-none-eabi/9.3.1/thumb/v7e-m+fp/hard\libgcc.a(_aeabi_uldivmod.o)
                0x0000000008000270                __aeabi_uldivmod
 .text          0x00000000080002a0      0x2c4 c:/st/stm32cubeide_1.1.0/stm32cubeide/plugins/com.st.stm32cube.ide.mcu.externaltools.gnu-tools-for-stm32.9-2020-q2-update.win32_1.5.0.202011040924/tools/bin/../lib/gcc/arm-none-eabi/9.3.1/thumb/v7e-m+fp/hard\libgcc.a(_udivmoddi4.o)
                0x00000000080002a0                __udivmoddi4
 .text          0x0000000008000564        0x4 c:/st/stm32cubeide_1.1.0/stm32cubeide/plugins/com.st.stm32cube.ide.mcu.externaltools.gnu-tools-for-stm32.9-2020-q2-update.win32_1.5.0.202011040924/tools/bin/../lib/gcc/arm-none-eabi/9.3.1/thumb/v7e-m+fp/hard\libgcc.a(_dvmd_tls.o)
                0x0000000008000564                __aeabi_idiv0
                0x0000000008000564                __aeabi_ldiv0
 *(.text*)
 .text.main     0x0000000008000568       0x98 Core/Src/main.o
                0x0000000008000568                main
 .text.SystemClock_Config
                0x0000000008000600       0xd4 Core/Src/main.o
                0x0000000008000600                SystemClock_Config
 .text.MX_GPIO_Init
                0x00000000080006d4      0x2bc Core/Src/main.o
 .text.task1_Handler
                0x0000000008000990       0x2c Core/Src/main.o
 .text.task2_Handler
                0x00000000080009bc       0x18 Core/Src/main.o
 .text.HAL_TIM_PeriodElapsedCallback
                0x00000000080009d4       0x24 Core/Src/main.o
                0x00000000080009d4                HAL_TIM_PeriodElapsedCallback
 .text.Error_Handler
                0x00000000080009f8        0xa Core/Src/main.o
                0x00000000080009f8                Error_Handler
 *fill*         0x0000000008000a02        0x2 
 .text.HAL_MspInit
                0x0000000008000a04       0x50 Core/Src/stm32f4xx_hal_msp.o
                0x0000000008000a04                HAL_MspInit
 .text.HAL_InitTick
                0x0000000008000a54       0xb4 Core/Src/stm32f4xx_hal_timebase_tim.o
                0x0000000008000a54                HAL_InitTick
 .text.NMI_Handler
                0x0000000008000b08        0x6 Core/Src/stm32f4xx_it.o
                0x0000000008000b08                NMI_Handler
 .text.HardFault_Handler
                0x0000000008000b0e        0x6 Core/Src/stm32f4xx_it.o
                0x0000000008000b0e                HardFault_Handler
 .text.MemManage_Handler
                0x0000000008000b14        0x6 Core/Src/stm32f4xx_it.o
                0x0000000008000b14                MemManage_Handler
 .text.BusFault_Handler
                0x0000000008000b1a        0x6 Core/Src/stm32f4xx_it.o
                0x0000000008000b1a                BusFault_Handler
 .text.UsageFault_Handler
                0x0000000008000b20        0x6 Core/Src/stm32f4xx_it.o
                0x0000000008000b20                UsageFault_Handler
 .text.DebugMon_Handler
                0x0000000008000b26        0xe Core/Src/stm32f4xx_it.o
                0x0000000008000b26                DebugMon_Handler
 .text.TIM6_DAC_IRQHandler
                0x0000000008000b34       0x14 Core/Src/stm32f4xx_it.o
                0x0000000008000b34                TIM6_DAC_IRQHandler
 .text.ITM_SendChar
                0x0000000008000b48       0x50 Core/Src/syscalls.o
                0x0000000008000b48                ITM_SendChar
 .text._read    0x0000000008000b98       0x3a Core/Src/syscalls.o
                0x0000000008000b98                _read
 .text._write   0x0000000008000bd2       0x38 Core/Src/syscalls.o
                0x0000000008000bd2                _write
 .text._close   0x0000000008000c0a       0x18 Core/Src/syscalls.o
                0x0000000008000c0a                _close
 .text._fstat   0x0000000008000c22       0x20 Core/Src/syscalls.o
                0x0000000008000c22                _fstat
 .text._isatty  0x0000000008000c42       0x16 Core/Src/syscalls.o
                0x0000000008000c42                _isatty
 .text._lseek   0x0000000008000c58       0x1a Core/Src/syscalls.o
                0x0000000008000c58                _lseek
 *fill*         0x0000000008000c72        0x2 
 .text.SystemInit
                0x0000000008000c74       0x24 Core/Src/system_stm32f4xx.o
                0x0000000008000c74                SystemInit
 .text.Reset_Handler
                0x0000000008000c98       0x50 Core/Startup/startup_stm32f407vgtx.o
                0x0000000008000c98                Reset_Handler
 .text.Default_Handler
                0x0000000008000ce8        0x2 Core/Startup/startup_stm32f407vgtx.o
                0x0000000008000ce8                RTC_Alarm_IRQHandler
                0x0000000008000ce8                HASH_RNG_IRQHandler
                0x0000000008000ce8                EXTI2_IRQHandler
                0x0000000008000ce8                TIM8_CC_IRQHandler
                0x0000000008000ce8                TIM1_CC_IRQHandler
                0x0000000008000ce8                DMA2_Stream5_IRQHandler
                0x0000000008000ce8                DMA1_Stream5_IRQHandler
                0x0000000008000ce8                PVD_IRQHandler
                0x0000000008000ce8                SDIO_IRQHandler
                0x0000000008000ce8                TAMP_STAMP_IRQHandler
                0x0000000008000ce8                CAN2_RX1_IRQHandler
                0x0000000008000ce8                EXTI3_IRQHandler
                0x0000000008000ce8                TIM8_TRG_COM_TIM14_IRQHandler
                0x0000000008000ce8                TIM1_UP_TIM10_IRQHandler
                0x0000000008000ce8                TIM8_UP_TIM13_IRQHandler
                0x0000000008000ce8                I2C3_ER_IRQHandler
                0x0000000008000ce8                EXTI0_IRQHandler
                0x0000000008000ce8                I2C2_EV_IRQHandler
                0x0000000008000ce8                DMA1_Stream2_IRQHandler
                0x0000000008000ce8                CAN1_RX0_IRQHandler
                0x0000000008000ce8                FPU_IRQHandler
                0x0000000008000ce8                OTG_HS_WKUP_IRQHandler
                0x0000000008000ce8                CAN2_SCE_IRQHandler
                0x0000000008000ce8                DMA2_Stream2_IRQHandler
                0x0000000008000ce8                SPI1_IRQHandler
                0x0000000008000ce8                TIM1_BRK_TIM9_IRQHandler
                0x0000000008000ce8                DCMI_IRQHandler
                0x0000000008000ce8                CAN2_RX0_IRQHandler
                0x0000000008000ce8                DMA2_Stream3_IRQHandler
                0x0000000008000ce8                USART6_IRQHandler
                0x0000000008000ce8                USART3_IRQHandler
                0x0000000008000ce8                CAN1_RX1_IRQHandler
                0x0000000008000ce8                UART5_IRQHandler
                0x0000000008000ce8                DMA2_Stream0_IRQHandler
                0x0000000008000ce8                TIM4_IRQHandler
                0x0000000008000ce8                I2C1_EV_IRQHandler
                0x0000000008000ce8                DMA1_Stream6_IRQHandler
                0x0000000008000ce8                DMA1_Stream1_IRQHandler
                0x0000000008000ce8                UART4_IRQHandler
                0x0000000008000ce8                TIM3_IRQHandler
                0x0000000008000ce8                RCC_IRQHandler
                0x0000000008000ce8                TIM8_BRK_TIM12_IRQHandler
                0x0000000008000ce8                Default_Handler
                0x0000000008000ce8                EXTI15_10_IRQHandler
                0x0000000008000ce8                ADC_IRQHandler
                0x0000000008000ce8                DMA1_Stream7_IRQHandler
                0x0000000008000ce8                TIM7_IRQHandler
                0x0000000008000ce8                CAN2_TX_IRQHandler
                0x0000000008000ce8                TIM5_IRQHandler
                0x0000000008000ce8                DMA2_Stream7_IRQHandler
                0x0000000008000ce8                I2C3_EV_IRQHandler
                0x0000000008000ce8                EXTI9_5_IRQHandler
                0x0000000008000ce8                RTC_WKUP_IRQHandler
                0x0000000008000ce8                ETH_WKUP_IRQHandler
                0x0000000008000ce8                SPI2_IRQHandler
                0x0000000008000ce8                OTG_HS_EP1_IN_IRQHandler
                0x0000000008000ce8                DMA1_Stream0_IRQHandler
                0x0000000008000ce8                CAN1_TX_IRQHandler
                0x0000000008000ce8                EXTI4_IRQHandler
                0x0000000008000ce8                FSMC_IRQHandler
                0x0000000008000ce8                ETH_IRQHandler
                0x0000000008000ce8                OTG_HS_EP1_OUT_IRQHandler
                0x0000000008000ce8                WWDG_IRQHandler
                0x0000000008000ce8                TIM2_IRQHandler
                0x0000000008000ce8                OTG_FS_WKUP_IRQHandler
                0x0000000008000ce8                TIM1_TRG_COM_TIM11_IRQHandler
                0x0000000008000ce8                OTG_HS_IRQHandler
                0x0000000008000ce8                EXTI1_IRQHandler
                0x0000000008000ce8                USART2_IRQHandler
                0x0000000008000ce8                I2C2_ER_IRQHandler
                0x0000000008000ce8                DMA2_Stream1_IRQHandler
                0x0000000008000ce8                CAN1_SCE_IRQHandler
                0x0000000008000ce8                FLASH_IRQHandler
                0x0000000008000ce8                DMA2_Stream4_IRQHandler
                0x0000000008000ce8                USART1_IRQHandler
                0x0000000008000ce8                OTG_FS_IRQHandler
                0x0000000008000ce8                SPI3_IRQHandler
                0x0000000008000ce8                DMA1_Stream4_IRQHandler
                0x0000000008000ce8                I2C1_ER_IRQHandler
                0x0000000008000ce8                DMA2_Stream6_IRQHandler
                0x0000000008000ce8                DMA1_Stream3_IRQHandler
 *fill*         0x0000000008000cea        0x2 
 .text.HAL_Init
                0x0000000008000cec       0x44 Drivers/STM32F4xx_HAL_Driver/Src/stm32f4xx_hal.o
                0x0000000008000cec                HAL_Init
 .text.HAL_IncTick
                0x0000000008000d30       0x28 Drivers/STM32F4xx_HAL_Driver/Src/stm32f4xx_hal.o
                0x0000000008000d30                HAL_IncTick
 .text.HAL_GetTick
                0x0000000008000d58       0x18 Drivers/STM32F4xx_HAL_Driver/Src/stm32f4xx_hal.o
                0x0000000008000d58                HAL_GetTick
 .text.__NVIC_SetPriorityGrouping
                0x0000000008000d70       0x48 Drivers/STM32F4xx_HAL_Driver/Src/stm32f4xx_hal_cortex.o
 .text.__NVIC_GetPriorityGrouping
                0x0000000008000db8       0x1c Drivers/STM32F4xx_HAL_Driver/Src/stm32f4xx_hal_cortex.o
 .text.__NVIC_EnableIRQ
                0x0000000008000dd4       0x3c Drivers/STM32F4xx_HAL_Driver/Src/stm32f4xx_hal_cortex.o
 .text.__NVIC_SetPriority
                0x0000000008000e10       0x54 Drivers/STM32F4xx_HAL_Driver/Src/stm32f4xx_hal_cortex.o
 .text.NVIC_EncodePriority
                0x0000000008000e64       0x66 Drivers/STM32F4xx_HAL_Driver/Src/stm32f4xx_hal_cortex.o
 .text.HAL_NVIC_SetPriorityGrouping
                0x0000000008000eca       0x16 Drivers/STM32F4xx_HAL_Driver/Src/stm32f4xx_hal_cortex.o
                0x0000000008000eca                HAL_NVIC_SetPriorityGrouping
 .text.HAL_NVIC_SetPriority
                0x0000000008000ee0       0x38 Drivers/STM32F4xx_HAL_Driver/Src/stm32f4xx_hal_cortex.o
                0x0000000008000ee0                HAL_NVIC_SetPriority
 .text.HAL_NVIC_EnableIRQ
                0x0000000008000f18       0x1c Drivers/STM32F4xx_HAL_Driver/Src/stm32f4xx_hal_cortex.o
                0x0000000008000f18                HAL_NVIC_EnableIRQ
 .text.HAL_GPIO_Init
                0x0000000008000f34      0x338 Drivers/STM32F4xx_HAL_Driver/Src/stm32f4xx_hal_gpio.o
                0x0000000008000f34                HAL_GPIO_Init
 .text.HAL_GPIO_WritePin
                0x000000000800126c       0x32 Drivers/STM32F4xx_HAL_Driver/Src/stm32f4xx_hal_gpio.o
                0x000000000800126c                HAL_GPIO_WritePin
 *fill*         0x000000000800129e        0x2 
 .text.HAL_RCC_OscConfig
                0x00000000080012a0      0x4f0 Drivers/STM32F4xx_HAL_Driver/Src/stm32f4xx_hal_rcc.o
                0x00000000080012a0                HAL_RCC_OscConfig
 .text.HAL_RCC_ClockConfig
                0x0000000008001790      0x1cc Drivers/STM32F4xx_HAL_Driver/Src/stm32f4xx_hal_rcc.o
                0x0000000008001790                HAL_RCC_ClockConfig
 .text.HAL_RCC_GetSysClockFreq
                0x000000000800195c      0x1c4 Drivers/STM32F4xx_HAL_Driver/Src/stm32f4xx_hal_rcc.o
                0x000000000800195c                HAL_RCC_GetSysClockFreq
 .text.HAL_RCC_GetHCLKFreq
                0x0000000008001b20       0x18 Drivers/STM32F4xx_HAL_Driver/Src/stm32f4xx_hal_rcc.o
                0x0000000008001b20                HAL_RCC_GetHCLKFreq
 .text.HAL_RCC_GetPCLK1Freq
                0x0000000008001b38       0x28 Drivers/STM32F4xx_HAL_Driver/Src/stm32f4xx_hal_rcc.o
                0x0000000008001b38                HAL_RCC_GetPCLK1Freq
 .text.HAL_RCC_GetClockConfig
                0x0000000008001b60       0x64 Drivers/STM32F4xx_HAL_Driver/Src/stm32f4xx_hal_rcc.o
                0x0000000008001b60                HAL_RCC_GetClockConfig
 .text.HAL_TIM_Base_Init
                0x0000000008001bc4       0x9e Drivers/STM32F4xx_HAL_Driver/Src/stm32f4xx_hal_tim.o
                0x0000000008001bc4                HAL_TIM_Base_Init
 .text.HAL_TIM_Base_MspInit
                0x0000000008001c62       0x14 Drivers/STM32F4xx_HAL_Driver/Src/stm32f4xx_hal_tim.o
                0x0000000008001c62                HAL_TIM_Base_MspInit
 *fill*         0x0000000008001c76        0x2 
 .text.HAL_TIM_Base_Start_IT
                0x0000000008001c78       0xe0 Drivers/STM32F4xx_HAL_Driver/Src/stm32f4xx_hal_tim.o
                0x0000000008001c78                HAL_TIM_Base_Start_IT
 .text.HAL_TIM_IRQHandler
                0x0000000008001d58      0x210 Drivers/STM32F4xx_HAL_Driver/Src/stm32f4xx_hal_tim.o
                0x0000000008001d58                HAL_TIM_IRQHandler
 .text.HAL_TIM_OC_DelayElapsedCallback
                0x0000000008001f68       0x14 Drivers/STM32F4xx_HAL_Driver/Src/stm32f4xx_hal_tim.o
                0x0000000008001f68                HAL_TIM_OC_DelayElapsedCallback
 .text.HAL_TIM_IC_CaptureCallback
                0x0000000008001f7c       0x14 Drivers/STM32F4xx_HAL_Driver/Src/stm32f4xx_hal_tim.o
                0x0000000008001f7c                HAL_TIM_IC_CaptureCallback
 .text.HAL_TIM_PWM_PulseFinishedCallback
                0x0000000008001f90       0x14 Drivers/STM32F4xx_HAL_Driver/Src/stm32f4xx_hal_tim.o
                0x0000000008001f90                HAL_TIM_PWM_PulseFinishedCallback
 .text.HAL_TIM_TriggerCallback
                0x0000000008001fa4       0x14 Drivers/STM32F4xx_HAL_Driver/Src/stm32f4xx_hal_tim.o
                0x0000000008001fa4                HAL_TIM_TriggerCallback
 .text.TIM_Base_SetConfig
                0x0000000008001fb8      0x140 Drivers/STM32F4xx_HAL_Driver/Src/stm32f4xx_hal_tim.o
                0x0000000008001fb8                TIM_Base_SetConfig
 .text.HAL_TIMEx_CommutCallback
                0x00000000080020f8       0x14 Drivers/STM32F4xx_HAL_Driver/Src/stm32f4xx_hal_tim_ex.o
                0x00000000080020f8                HAL_TIMEx_CommutCallback
 .text.HAL_TIMEx_BreakCallback
                0x000000000800210c       0x14 Drivers/STM32F4xx_HAL_Driver/Src/stm32f4xx_hal_tim_ex.o
                0x000000000800210c                HAL_TIMEx_BreakCallback
 .text.vListInitialise
                0x0000000008002120       0x40 ThirdParty/list.o
                0x0000000008002120                vListInitialise
 .text.vListInitialiseItem
                0x0000000008002160       0x1a ThirdParty/list.o
                0x0000000008002160                vListInitialiseItem
 .text.vListInsert
                0x000000000800217a       0x72 ThirdParty/list.o
                0x000000000800217a                vListInsert
 .text.uxListRemove
                0x00000000080021ec       0x54 ThirdParty/list.o
                0x00000000080021ec                uxListRemove
 .text.xQueueGenericReset
                0x0000000008002240      0x120 ThirdParty/queue.o
                0x0000000008002240                xQueueGenericReset
 .text.xQueueGenericCreate
                0x0000000008002360       0x9c ThirdParty/queue.o
                0x0000000008002360                xQueueGenericCreate
 .text.prvInitialiseNewQueue
                0x00000000080023fc       0x46 ThirdParty/queue.o
 *fill*         0x0000000008002442        0x2 
 .text.xQueueReceive
                0x0000000008002444      0x1c0 ThirdParty/queue.o
                0x0000000008002444                xQueueReceive
 .text.prvCopyDataFromQueue
                0x0000000008002604       0x4c ThirdParty/queue.o
 .text.prvUnlockQueue
                0x0000000008002650       0xa4 ThirdParty/queue.o
 .text.prvIsQueueEmpty
                0x00000000080026f4       0x2c ThirdParty/queue.o
 .text.vQueueAddToRegistry
                0x0000000008002720       0x9c ThirdParty/queue.o
                0x0000000008002720                vQueueAddToRegistry
 .text.vQueueWaitForMessageRestricted
                0x00000000080027bc       0x68 ThirdParty/queue.o
                0x00000000080027bc                vQueueWaitForMessageRestricted
 .text.xTaskCreate
                0x0000000008002824       0x82 ThirdParty/tasks.o
                0x0000000008002824                xTaskCreate
 .text.prvInitialiseNewTask
                0x00000000080028a6      0x148 ThirdParty/tasks.o
 *fill*         0x00000000080029ee        0x2 
 .text.prvAddNewTaskToReadyList
                0x00000000080029f0      0x12c ThirdParty/tasks.o
 .text.vTaskStartScheduler
                0x0000000008002b1c       0xa4 ThirdParty/tasks.o
                0x0000000008002b1c                vTaskStartScheduler
 .text.vTaskSuspendAll
                0x0000000008002bc0       0x1c ThirdParty/tasks.o
                0x0000000008002bc0                vTaskSuspendAll
 .text.xTaskResumeAll
                0x0000000008002bdc      0x1f8 ThirdParty/tasks.o
                0x0000000008002bdc                xTaskResumeAll
 .text.xTaskGetTickCount
                0x0000000008002dd4       0x20 ThirdParty/tasks.o
                0x0000000008002dd4                xTaskGetTickCount
 .text.xTaskIncrementTick
                0x0000000008002df4      0x22c ThirdParty/tasks.o
                0x0000000008002df4                xTaskIncrementTick
 .text.vTaskSwitchContext
                0x0000000008003020       0xb8 ThirdParty/tasks.o
                0x0000000008003020                vTaskSwitchContext
 .text.vTaskPlaceOnEventList
                0x00000000080030d8       0x48 ThirdParty/tasks.o
                0x00000000080030d8                vTaskPlaceOnEventList
 .text.vTaskPlaceOnEventListRestricted
                0x0000000008003120       0x8c ThirdParty/tasks.o
                0x0000000008003120                vTaskPlaceOnEventListRestricted
 .text.xTaskRemoveFromEventList
                0x00000000080031ac      0x1ac ThirdParty/tasks.o
                0x00000000080031ac                xTaskRemoveFromEventList
 .text.vTaskInternalSetTimeOutState
                0x0000000008003358       0x2c ThirdParty/tasks.o
                0x0000000008003358                vTaskInternalSetTimeOutState
 .text.xTaskCheckForTimeOut
                0x0000000008003384       0xcc ThirdParty/tasks.o
                0x0000000008003384                xTaskCheckForTimeOut
 .text.vTaskMissedYield
                0x0000000008003450       0x18 ThirdParty/tasks.o
                0x0000000008003450                vTaskMissedYield
 .text.prvIdleTask
                0x0000000008003468       0x30 ThirdParty/tasks.o
 .text.prvInitialiseTaskLists
                0x0000000008003498       0x80 ThirdParty/tasks.o
 .text.prvCheckTasksWaitingTermination
                0x0000000008003518       0x5c ThirdParty/tasks.o
 .text.prvDeleteTCB
                0x0000000008003574       0x20 ThirdParty/tasks.o
 .text.prvResetNextTaskUnblockTime
                0x0000000008003594       0x38 ThirdParty/tasks.o
 .text.xTaskGetSchedulerState
                0x00000000080035cc       0x3c ThirdParty/tasks.o
                0x00000000080035cc                xTaskGetSchedulerState
 .text.prvAddCurrentTaskToDelayedList
                0x0000000008003608      0x100 ThirdParty/tasks.o
 .text.xTimerCreateTimerTask
                0x0000000008003708       0x64 ThirdParty/timers.o
                0x0000000008003708                xTimerCreateTimerTask
 .text.prvReloadTimer
                0x000000000800376c       0x42 ThirdParty/timers.o
 *fill*         0x00000000080037ae        0x2 
 .text.prvProcessExpiredTimer
                0x00000000080037b0       0x60 ThirdParty/timers.o
 .text.prvTimerTask
                0x0000000008003810       0x24 ThirdParty/timers.o
 .text.prvProcessTimerOrBlockTask
                0x0000000008003834       0x9c ThirdParty/timers.o
 .text.prvGetNextExpireTime
                0x00000000080038d0       0x48 ThirdParty/timers.o
 .text.prvSampleTimeNow
                0x0000000008003918       0x40 ThirdParty/timers.o
 .text.prvInsertTimerInActiveList
                0x0000000008003958       0x84 ThirdParty/timers.o
 .text.prvProcessReceivedCommands
                0x00000000080039dc      0x17c ThirdParty/timers.o
 .text.prvSwitchTimerLists
                0x0000000008003b58       0x4c ThirdParty/timers.o
 .text.prvCheckForValidListAndQueue
                0x0000000008003ba4       0x6c ThirdParty/timers.o
 .text.pxPortInitialiseStack
                0x0000000008003c10       0x68 ThirdParty/portable/GCC/ARM_CM4F/port.o
                0x0000000008003c10                pxPortInitialiseStack
 .text.prvTaskExitError
                0x0000000008003c78       0x58 ThirdParty/portable/GCC/ARM_CM4F/port.o
 .text.SVC_Handler
                0x0000000008003cd0       0x28 ThirdParty/portable/GCC/ARM_CM4F/port.o
                0x0000000008003cd0                SVC_Handler
 .text.prvPortStartFirstTask
                0x0000000008003cf8       0x2c ThirdParty/portable/GCC/ARM_CM4F/port.o
 .text.xPortStartScheduler
                0x0000000008003d24      0x144 ThirdParty/portable/GCC/ARM_CM4F/port.o
                0x0000000008003d24                xPortStartScheduler
 .text.vPortEnterCritical
                0x0000000008003e68       0x60 ThirdParty/portable/GCC/ARM_CM4F/port.o
                0x0000000008003e68                vPortEnterCritical
 .text.vPortExitCritical
                0x0000000008003ec8       0x54 ThirdParty/portable/GCC/ARM_CM4F/port.o
                0x0000000008003ec8                vPortExitCritical
 *fill*         0x0000000008003f1c        0x4 
 .text.PendSV_Handler
                0x0000000008003f20       0x68 ThirdParty/portable/GCC/ARM_CM4F/port.o
                0x0000000008003f20                PendSV_Handler
 .text.SysTick_Handler
                0x0000000008003f88       0x44 ThirdParty/portable/GCC/ARM_CM4F/port.o
                0x0000000008003f88                SysTick_Handler
 .text.vPortSetupTimerInterrupt
                0x0000000008003fcc       0x48 ThirdParty/portable/GCC/ARM_CM4F/port.o
                0x0000000008003fcc                vPortSetupTimerInterrupt
 .text.vPortEnableVFP
                0x0000000008004014       0x18 ThirdParty/portable/GCC/ARM_CM4F/port.o
 .text.pvPortMalloc
                0x000000000800402c      0x1c0 ThirdParty/portable/MemMang/heap_4.o
                0x000000000800402c                pvPortMalloc
 .text.vPortFree
                0x00000000080041ec       0xc4 ThirdParty/portable/MemMang/heap_4.o
                0x00000000080041ec                vPortFree
 .text.prvHeapInit
                0x00000000080042b0       0xc4 ThirdParty/portable/MemMang/heap_4.o
 .text.prvInsertBlockIntoFreeList
                0x0000000008004374       0xb4 ThirdParty/portable/MemMang/heap_4.o
 .text.__libc_init_array
                0x0000000008004428       0x48 c:/st/stm32cubeide_1.1.0/stm32cubeide/plugins/com.st.stm32cube.ide.mcu.externaltools.gnu-tools-for-stm32.9-2020-q2-update.win32_1.5.0.202011040924/tools/bin/../lib/gcc/arm-none-eabi/9.3.1/../../../../arm-none-eabi/lib/thumb/v7e-m+fp/hard\libc_nano.a(lib_a-init.o)
                0x0000000008004428                __libc_init_array
 .text.memcpy   0x0000000008004470       0x1c c:/st/stm32cubeide_1.1.0/stm32cubeide/plugins/com.st.stm32cube.ide.mcu.externaltools.gnu-tools-for-stm32.9-2020-q2-update.win32_1.5.0.202011040924/tools/bin/../lib/gcc/arm-none-eabi/9.3.1/../../../../arm-none-eabi/lib/thumb/v7e-m+fp/hard\libc_nano.a(lib_a-memcpy-stub.o)
                0x0000000008004470                memcpy
 .text.memset   0x000000000800448c       0x10 c:/st/stm32cubeide_1.1.0/stm32cubeide/plugins/com.st.stm32cube.ide.mcu.externaltools.gnu-tools-for-stm32.9-2020-q2-update.win32_1.5.0.202011040924/tools/bin/../lib/gcc/arm-none-eabi/9.3.1/../../../../arm-none-eabi/lib/thumb/v7e-m+fp/hard\libc_nano.a(lib_a-memset.o)
                0x000000000800448c                memset
 .text.printf   0x000000000800449c       0x30 c:/st/stm32cubeide_1.1.0/stm32cubeide/plugins/com.st.stm32cube.ide.mcu.externaltools.gnu-tools-for-stm32.9-2020-q2-update.win32_1.5.0.202011040924/tools/bin/../lib/gcc/arm-none-eabi/9.3.1/../../../../arm-none-eabi/lib/thumb/v7e-m+fp/hard\libc_nano.a(lib_a-printf.o)
                0x000000000800449c                iprintf
                0x000000000800449c                printf
 .text.std      0x00000000080044cc       0x48 c:/st/stm32cubeide_1.1.0/stm32cubeide/plugins/com.st.stm32cube.ide.mcu.externaltools.gnu-tools-for-stm32.9-2020-q2-update.win32_1.5.0.202011040924/tools/bin/../lib/gcc/arm-none-eabi/9.3.1/../../../../arm-none-eabi/lib/thumb/v7e-m+fp/hard\libc_nano.a(lib_a-findfp.o)
 .text._cleanup_r
                0x0000000008004514        0xc c:/st/stm32cubeide_1.1.0/stm32cubeide/plugins/com.st.stm32cube.ide.mcu.externaltools.gnu-tools-for-stm32.9-2020-q2-update.win32_1.5.0.202011040924/tools/bin/../lib/gcc/arm-none-eabi/9.3.1/../../../../arm-none-eabi/lib/thumb/v7e-m+fp/hard\libc_nano.a(lib_a-findfp.o)
                0x0000000008004514                _cleanup_r
 .text.__sfmoreglue
                0x0000000008004520       0x2c c:/st/stm32cubeide_1.1.0/stm32cubeide/plugins/com.st.stm32cube.ide.mcu.externaltools.gnu-tools-for-stm32.9-2020-q2-update.win32_1.5.0.202011040924/tools/bin/../lib/gcc/arm-none-eabi/9.3.1/../../../../arm-none-eabi/lib/thumb/v7e-m+fp/hard\libc_nano.a(lib_a-findfp.o)
                0x0000000008004520                __sfmoreglue
 .text.__sfp_lock_acquire
                0x000000000800454c        0xc c:/st/stm32cubeide_1.1.0/stm32cubeide/plugins/com.st.stm32cube.ide.mcu.externaltools.gnu-tools-for-stm32.9-2020-q2-update.win32_1.5.0.202011040924/tools/bin/../lib/gcc/arm-none-eabi/9.3.1/../../../../arm-none-eabi/lib/thumb/v7e-m+fp/hard\libc_nano.a(lib_a-findfp.o)
                0x000000000800454c                __sfp_lock_acquire
 .text.__sfp_lock_release
                0x0000000008004558        0xc c:/st/stm32cubeide_1.1.0/stm32cubeide/plugins/com.st.stm32cube.ide.mcu.externaltools.gnu-tools-for-stm32.9-2020-q2-update.win32_1.5.0.202011040924/tools/bin/../lib/gcc/arm-none-eabi/9.3.1/../../../../arm-none-eabi/lib/thumb/v7e-m+fp/hard\libc_nano.a(lib_a-findfp.o)
                0x0000000008004558                __sfp_lock_release
 .text.__sinit_lock_acquire
                0x0000000008004564        0xc c:/st/stm32cubeide_1.1.0/stm32cubeide/plugins/com.st.stm32cube.ide.mcu.externaltools.gnu-tools-for-stm32.9-2020-q2-update.win32_1.5.0.202011040924/tools/bin/../lib/gcc/arm-none-eabi/9.3.1/../../../../arm-none-eabi/lib/thumb/v7e-m+fp/hard\libc_nano.a(lib_a-findfp.o)
                0x0000000008004564                __sinit_lock_acquire
 .text.__sinit_lock_release
                0x0000000008004570        0xc c:/st/stm32cubeide_1.1.0/stm32cubeide/plugins/com.st.stm32cube.ide.mcu.externaltools.gnu-tools-for-stm32.9-2020-q2-update.win32_1.5.0.202011040924/tools/bin/../lib/gcc/arm-none-eabi/9.3.1/../../../../arm-none-eabi/lib/thumb/v7e-m+fp/hard\libc_nano.a(lib_a-findfp.o)
                0x0000000008004570                __sinit_lock_release
 .text.__sinit  0x000000000800457c       0x70 c:/st/stm32cubeide_1.1.0/stm32cubeide/plugins/com.st.stm32cube.ide.mcu.externaltools.gnu-tools-for-stm32.9-2020-q2-update.win32_1.5.0.202011040924/tools/bin/../lib/gcc/arm-none-eabi/9.3.1/../../../../arm-none-eabi/lib/thumb/v7e-m+fp/hard\libc_nano.a(lib_a-findfp.o)
                0x000000000800457c                __sinit
 .text.__sfp    0x00000000080045ec       0x8c c:/st/stm32cubeide_1.1.0/stm32cubeide/plugins/com.st.stm32cube.ide.mcu.externaltools.gnu-tools-for-stm32.9-2020-q2-update.win32_1.5.0.202011040924/tools/bin/../lib/gcc/arm-none-eabi/9.3.1/../../../../arm-none-eabi/lib/thumb/v7e-m+fp/hard\libc_nano.a(lib_a-findfp.o)
                0x00000000080045ec                __sfp
 .text._fwalk_reent
                0x0000000008004678       0x3e c:/st/stm32cubeide_1.1.0/stm32cubeide/plugins/com.st.stm32cube.ide.mcu.externaltools.gnu-tools-for-stm32.9-2020-q2-update.win32_1.5.0.202011040924/tools/bin/../lib/gcc/arm-none-eabi/9.3.1/../../../../arm-none-eabi/lib/thumb/v7e-m+fp/hard\libc_nano.a(lib_a-fwalk.o)
                0x0000000008004678                _fwalk_reent
 .text.__retarget_lock_init_recursive
                0x00000000080046b6        0x2 c:/st/stm32cubeide_1.1.0/stm32cubeide/plugins/com.st.stm32cube.ide.mcu.externaltools.gnu-tools-for-stm32.9-2020-q2-update.win32_1.5.0.202011040924/tools/bin/../lib/gcc/arm-none-eabi/9.3.1/../../../../arm-none-eabi/lib/thumb/v7e-m+fp/hard\libc_nano.a(lib_a-lock.o)
                0x00000000080046b6                __retarget_lock_init_recursive
 .text.__retarget_lock_acquire_recursive
                0x00000000080046b8        0x2 c:/st/stm32cubeide_1.1.0/stm32cubeide/plugins/com.st.stm32cube.ide.mcu.externaltools.gnu-tools-for-stm32.9-2020-q2-update.win32_1.5.0.202011040924/tools/bin/../lib/gcc/arm-none-eabi/9.3.1/../../../../arm-none-eabi/lib/thumb/v7e-m+fp/hard\libc_nano.a(lib_a-lock.o)
                0x00000000080046b8                __retarget_lock_acquire_recursive
 .text.__retarget_lock_release_recursive
                0x00000000080046ba        0x2 c:/st/stm32cubeide_1.1.0/stm32cubeide/plugins/com.st.stm32cube.ide.mcu.externaltools.gnu-tools-for-stm32.9-2020-q2-update.win32_1.5.0.202011040924/tools/bin/../lib/gcc/arm-none-eabi/9.3.1/../../../../arm-none-eabi/lib/thumb/v7e-m+fp/hard\libc_nano.a(lib_a-lock.o)
                0x00000000080046ba                __retarget_lock_release_recursive
 .text._malloc_r
                0x00000000080046bc       0xb4 c:/st/stm32cubeide_1.1.0/stm32cubeide/plugins/com.st.stm32cube.ide.mcu.externaltools.gnu-tools-for-stm32.9-2020-q2-update.win32_1.5.0.202011040924/tools/bin/../lib/gcc/arm-none-eabi/9.3.1/../../../../arm-none-eabi/lib/thumb/v7e-m+fp/hard\libc_nano.a(lib_a-nano-mallocr.o)
                0x00000000080046bc                _malloc_r
 .text.__sfputc_r
                0x0000000008004770       0x2e c:/st/stm32cubeide_1.1.0/stm32cubeide/plugins/com.st.stm32cube.ide.mcu.externaltools.gnu-tools-for-stm32.9-2020-q2-update.win32_1.5.0.202011040924/tools/bin/../lib/gcc/arm-none-eabi/9.3.1/../../../../arm-none-eabi/lib/thumb/v7e-m+fp/hard\libc_nano.a(lib_a-nano-vfprintf.o)
 .text.__sfputs_r
                0x000000000800479e       0x24 c:/st/stm32cubeide_1.1.0/stm32cubeide/plugins/com.st.stm32cube.ide.mcu.externaltools.gnu-tools-for-stm32.9-2020-q2-update.win32_1.5.0.202011040924/tools/bin/../lib/gcc/arm-none-eabi/9.3.1/../../../../arm-none-eabi/lib/thumb/v7e-m+fp/hard\libc_nano.a(lib_a-nano-vfprintf.o)
                0x000000000800479e                __sfputs_r
 *fill*         0x00000000080047c2        0x2 
 .text._vfprintf_r
                0x00000000080047c4      0x260 c:/st/stm32cubeide_1.1.0/stm32cubeide/plugins/com.st.stm32cube.ide.mcu.externaltools.gnu-tools-for-stm32.9-2020-q2-update.win32_1.5.0.202011040924/tools/bin/../lib/gcc/arm-none-eabi/9.3.1/../../../../arm-none-eabi/lib/thumb/v7e-m+fp/hard\libc_nano.a(lib_a-nano-vfprintf.o)
                0x00000000080047c4                _vfprintf_r
                0x00000000080047c4                _vfiprintf_r
 .text._printf_common
                0x0000000008004a24       0xda c:/st/stm32cubeide_1.1.0/stm32cubeide/plugins/com.st.stm32cube.ide.mcu.externaltools.gnu-tools-for-stm32.9-2020-q2-update.win32_1.5.0.202011040924/tools/bin/../lib/gcc/arm-none-eabi/9.3.1/../../../../arm-none-eabi/lib/thumb/v7e-m+fp/hard\libc_nano.a(lib_a-nano-vfprintf_i.o)
                0x0000000008004a24                _printf_common
 *fill*         0x0000000008004afe        0x2 
 .text._printf_i
                0x0000000008004b00      0x24c c:/st/stm32cubeide_1.1.0/stm32cubeide/plugins/com.st.stm32cube.ide.mcu.externaltools.gnu-tools-for-stm32.9-2020-q2-update.win32_1.5.0.202011040924/tools/bin/../lib/gcc/arm-none-eabi/9.3.1/../../../../arm-none-eabi/lib/thumb/v7e-m+fp/hard\libc_nano.a(lib_a-nano-vfprintf_i.o)
                0x0000000008004b00                _printf_i
 .text._sbrk_r  0x0000000008004d4c       0x20 c:/st/stm32cubeide_1.1.0/stm32cubeide/plugins/com.st.stm32cube.ide.mcu.externaltools.gnu-tools-for-stm32.9-2020-q2-update.win32_1.5.0.202011040924/tools/bin/../lib/gcc/arm-none-eabi/9.3.1/../../../../arm-none-eabi/lib/thumb/v7e-m+fp/hard\libc_nano.a(lib_a-sbrkr.o)
                0x0000000008004d4c                _sbrk_r
 .text.__sread  0x0000000008004d6c       0x22 c:/st/stm32cubeide_1.1.0/stm32cubeide/plugins/com.st.stm32cube.ide.mcu.externaltools.gnu-tools-for-stm32.9-2020-q2-update.win32_1.5.0.202011040924/tools/bin/../lib/gcc/arm-none-eabi/9.3.1/../../../../arm-none-eabi/lib/thumb/v7e-m+fp/hard\libc_nano.a(lib_a-stdio.o)
                0x0000000008004d6c                __sread
 .text.__swrite
                0x0000000008004d8e       0x38 c:/st/stm32cubeide_1.1.0/stm32cubeide/plugins/com.st.stm32cube.ide.mcu.externaltools.gnu-tools-for-stm32.9-2020-q2-update.win32_1.5.0.202011040924/tools/bin/../lib/gcc/arm-none-eabi/9.3.1/../../../../arm-none-eabi/lib/thumb/v7e-m+fp/hard\libc_nano.a(lib_a-stdio.o)
                0x0000000008004d8e                __swrite
 .text.__sseek  0x0000000008004dc6       0x24 c:/st/stm32cubeide_1.1.0/stm32cubeide/plugins/com.st.stm32cube.ide.mcu.externaltools.gnu-tools-for-stm32.9-2020-q2-update.win32_1.5.0.202011040924/tools/bin/../lib/gcc/arm-none-eabi/9.3.1/../../../../arm-none-eabi/lib/thumb/v7e-m+fp/hard\libc_nano.a(lib_a-stdio.o)
                0x0000000008004dc6                __sseek
 .text.__sclose
                0x0000000008004dea        0x8 c:/st/stm32cubeide_1.1.0/stm32cubeide/plugins/com.st.stm32cube.ide.mcu.externaltools.gnu-tools-for-stm32.9-2020-q2-update.win32_1.5.0.202011040924/tools/bin/../lib/gcc/arm-none-eabi/9.3.1/../../../../arm-none-eabi/lib/thumb/v7e-m+fp/hard\libc_nano.a(lib_a-stdio.o)
                0x0000000008004dea                __sclose
 *fill*         0x0000000008004df2        0x2 
 .text.__swbuf_r
                0x0000000008004df4       0xa4 c:/st/stm32cubeide_1.1.0/stm32cubeide/plugins/com.st.stm32cube.ide.mcu.externaltools.gnu-tools-for-stm32.9-2020-q2-update.win32_1.5.0.202011040924/tools/bin/../lib/gcc/arm-none-eabi/9.3.1/../../../../arm-none-eabi/lib/thumb/v7e-m+fp/hard\libc_nano.a(lib_a-wbuf.o)
                0x0000000008004df4                __swbuf_r
 .text._write_r
                0x0000000008004e98       0x24 c:/st/stm32cubeide_1.1.0/stm32cubeide/plugins/com.st.stm32cube.ide.mcu.externaltools.gnu-tools-for-stm32.9-2020-q2-update.win32_1.5.0.202011040924/tools/bin/../lib/gcc/arm-none-eabi/9.3.1/../../../../arm-none-eabi/lib/thumb/v7e-m+fp/hard\libc_nano.a(lib_a-writer.o)
                0x0000000008004e98                _write_r
 .text.__swsetup_r
                0x0000000008004ebc       0xdc c:/st/stm32cubeide_1.1.0/stm32cubeide/plugins/com.st.stm32cube.ide.mcu.externaltools.gnu-tools-for-stm32.9-2020-q2-update.win32_1.5.0.202011040924/tools/bin/../lib/gcc/arm-none-eabi/9.3.1/../../../../arm-none-eabi/lib/thumb/v7e-m+fp/hard\libc_nano.a(lib_a-wsetup.o)
                0x0000000008004ebc                __swsetup_r
 .text._close_r
                0x0000000008004f98       0x20 c:/st/stm32cubeide_1.1.0/stm32cubeide/plugins/com.st.stm32cube.ide.mcu.externaltools.gnu-tools-for-stm32.9-2020-q2-update.win32_1.5.0.202011040924/tools/bin/../lib/gcc/arm-none-eabi/9.3.1/../../../../arm-none-eabi/lib/thumb/v7e-m+fp/hard\libc_nano.a(lib_a-closer.o)
                0x0000000008004f98                _close_r
 .text.__sflush_r
                0x0000000008004fb8      0x10c c:/st/stm32cubeide_1.1.0/stm32cubeide/plugins/com.st.stm32cube.ide.mcu.externaltools.gnu-tools-for-stm32.9-2020-q2-update.win32_1.5.0.202011040924/tools/bin/../lib/gcc/arm-none-eabi/9.3.1/../../../../arm-none-eabi/lib/thumb/v7e-m+fp/hard\libc_nano.a(lib_a-fflush.o)
                0x0000000008004fb8                __sflush_r
 .text._fflush_r
                0x00000000080050c4       0x78 c:/st/stm32cubeide_1.1.0/stm32cubeide/plugins/com.st.stm32cube.ide.mcu.externaltools.gnu-tools-for-stm32.9-2020-q2-update.win32_1.5.0.202011040924/tools/bin/../lib/gcc/arm-none-eabi/9.3.1/../../../../arm-none-eabi/lib/thumb/v7e-m+fp/hard\libc_nano.a(lib_a-fflush.o)
                0x00000000080050c4                _fflush_r
 .text._lseek_r
                0x000000000800513c       0x24 c:/st/stm32cubeide_1.1.0/stm32cubeide/plugins/com.st.stm32cube.ide.mcu.externaltools.gnu-tools-for-stm32.9-2020-q2-update.win32_1.5.0.202011040924/tools/bin/../lib/gcc/arm-none-eabi/9.3.1/../../../../arm-none-eabi/lib/thumb/v7e-m+fp/hard\libc_nano.a(lib_a-lseekr.o)
                0x000000000800513c                _lseek_r
 .text.__swhatbuf_r
                0x0000000008005160       0x48 c:/st/stm32cubeide_1.1.0/stm32cubeide/plugins/com.st.stm32cube.ide.mcu.externaltools.gnu-tools-for-stm32.9-2020-q2-update.win32_1.5.0.202011040924/tools/bin/../lib/gcc/arm-none-eabi/9.3.1/../../../../arm-none-eabi/lib/thumb/v7e-m+fp/hard\libc_nano.a(lib_a-makebuf.o)
                0x0000000008005160                __swhatbuf_r
 .text.__smakebuf_r
                0x00000000080051a8       0x80 c:/st/stm32cubeide_1.1.0/stm32cubeide/plugins/com.st.stm32cube.ide.mcu.externaltools.gnu-tools-for-stm32.9-2020-q2-update.win32_1.5.0.202011040924/tools/bin/../lib/gcc/arm-none-eabi/9.3.1/../../../../arm-none-eabi/lib/thumb/v7e-m+fp/hard\libc_nano.a(lib_a-makebuf.o)
                0x00000000080051a8                __smakebuf_r
 .text.__malloc_lock
                0x0000000008005228        0xc c:/st/stm32cubeide_1.1.0/stm32cubeide/plugins/com.st.stm32cube.ide.mcu.externaltools.gnu-tools-for-stm32.9-2020-q2-update.win32_1.5.0.202011040924/tools/bin/../lib/gcc/arm-none-eabi/9.3.1/../../../../arm-none-eabi/lib/thumb/v7e-m+fp/hard\libc_nano.a(lib_a-mlock.o)
                0x0000000008005228                __malloc_lock
 .text.__malloc_unlock
                0x0000000008005234        0xc c:/st/stm32cubeide_1.1.0/stm32cubeide/plugins/com.st.stm32cube.ide.mcu.externaltools.gnu-tools-for-stm32.9-2020-q2-update.win32_1.5.0.202011040924/tools/bin/../lib/gcc/arm-none-eabi/9.3.1/../../../../arm-none-eabi/lib/thumb/v7e-m+fp/hard\libc_nano.a(lib_a-mlock.o)
                0x0000000008005234                __malloc_unlock
 .text._free_r  0x0000000008005240       0xa0 c:/st/stm32cubeide_1.1.0/stm32cubeide/plugins/com.st.stm32cube.ide.mcu.externaltools.gnu-tools-for-stm32.9-2020-q2-update.win32_1.5.0.202011040924/tools/bin/../lib/gcc/arm-none-eabi/9.3.1/../../../../arm-none-eabi/lib/thumb/v7e-m+fp/hard\libc_nano.a(lib_a-nano-freer.o)
                0x0000000008005240                _free_r
 .text._read_r  0x00000000080052e0       0x24 c:/st/stm32cubeide_1.1.0/stm32cubeide/plugins/com.st.stm32cube.ide.mcu.externaltools.gnu-tools-for-stm32.9-2020-q2-update.win32_1.5.0.202011040924/tools/bin/../lib/gcc/arm-none-eabi/9.3.1/../../../../arm-none-eabi/lib/thumb/v7e-m+fp/hard\libc_nano.a(lib_a-readr.o)
                0x00000000080052e0                _read_r
 .text._fstat_r
                0x0000000008005304       0x24 c:/st/stm32cubeide_1.1.0/stm32cubeide/plugins/com.st.stm32cube.ide.mcu.externaltools.gnu-tools-for-stm32.9-2020-q2-update.win32_1.5.0.202011040924/tools/bin/../lib/gcc/arm-none-eabi/9.3.1/../../../../arm-none-eabi/lib/thumb/v7e-m+fp/hard\libc_nano.a(lib_a-fstatr.o)
                0x0000000008005304                _fstat_r
 .text._isatty_r
                0x0000000008005328       0x20 c:/st/stm32cubeide_1.1.0/stm32cubeide/plugins/com.st.stm32cube.ide.mcu.externaltools.gnu-tools-for-stm32.9-2020-q2-update.win32_1.5.0.202011040924/tools/bin/../lib/gcc/arm-none-eabi/9.3.1/../../../../arm-none-eabi/lib/thumb/v7e-m+fp/hard\libc_nano.a(lib_a-isattyr.o)
                0x0000000008005328                _isatty_r
 .text._sbrk    0x0000000008005348       0x1c c:/st/stm32cubeide_1.1.0/stm32cubeide/plugins/com.st.stm32cube.ide.mcu.externaltools.gnu-tools-for-stm32.9-2020-q2-update.win32_1.5.0.202011040924/tools/bin/../lib/gcc/arm-none-eabi/9.3.1/../../../../arm-none-eabi/lib/thumb/v7e-m+fp/hard\libnosys.a(sbrk.o)
                0x0000000008005348                _sbrk
 *(.glue_7)
 .glue_7        0x0000000008005364        0x0 linker stubs
 *(.glue_7t)
 .glue_7t       0x0000000008005364        0x0 linker stubs
 *(.eh_frame)
 .eh_frame      0x0000000008005364        0x0 c:/st/stm32cubeide_1.1.0/stm32cubeide/plugins/com.st.stm32cube.ide.mcu.externaltools.gnu-tools-for-stm32.9-2020-q2-update.win32_1.5.0.202011040924/tools/bin/../lib/gcc/arm-none-eabi/9.3.1/thumb/v7e-m+fp/hard/crtbegin.o
 *(.init)
 .init          0x0000000008005364        0x4 c:/st/stm32cubeide_1.1.0/stm32cubeide/plugins/com.st.stm32cube.ide.mcu.externaltools.gnu-tools-for-stm32.9-2020-q2-update.win32_1.5.0.202011040924/tools/bin/../lib/gcc/arm-none-eabi/9.3.1/thumb/v7e-m+fp/hard/crti.o
                0x0000000008005364                _init
 .init          0x0000000008005368        0x8 c:/st/stm32cubeide_1.1.0/stm32cubeide/plugins/com.st.stm32cube.ide.mcu.externaltools.gnu-tools-for-stm32.9-2020-q2-update.win32_1.5.0.202011040924/tools/bin/../lib/gcc/arm-none-eabi/9.3.1/thumb/v7e-m+fp/hard/crtn.o
 *(.fini)
 .fini          0x0000000008005370        0x4 c:/st/stm32cubeide_1.1.0/stm32cubeide/plugins/com.st.stm32cube.ide.mcu.externaltools.gnu-tools-for-stm32.9-2020-q2-update.win32_1.5.0.202011040924/tools/bin/../lib/gcc/arm-none-eabi/9.3.1/thumb/v7e-m+fp/hard/crti.o
                0x0000000008005370                _fini
 .fini          0x0000000008005374        0x8 c:/st/stm32cubeide_1.1.0/stm32cubeide/plugins/com.st.stm32cube.ide.mcu.externaltools.gnu-tools-for-stm32.9-2020-q2-update.win32_1.5.0.202011040924/tools/bin/../lib/gcc/arm-none-eabi/9.3.1/thumb/v7e-m+fp/hard/crtn.o
                0x000000000800537c                . = ALIGN (0x4)
                0x000000000800537c                _etext = .

.vfp11_veneer   0x000000000800537c        0x0
 .vfp11_veneer  0x000000000800537c        0x0 linker stubs

.v4_bx          0x000000000800537c        0x0
 .v4_bx         0x000000000800537c        0x0 linker stubs

.iplt           0x000000000800537c        0x0
 .iplt          0x000000000800537c        0x0 c:/st/stm32cubeide_1.1.0/stm32cubeide/plugins/com.st.stm32cube.ide.mcu.externaltools.gnu-tools-for-stm32.9-2020-q2-update.win32_1.5.0.202011040924/tools/bin/../lib/gcc/arm-none-eabi/9.3.1/thumb/v7e-m+fp/hard/crtbegin.o

.rodata         0x000000000800537c      0x110
                0x000000000800537c                . = ALIGN (0x4)
 *(.rodata)
 .rodata        0x000000000800537c       0x45 Core/Src/main.o
 *fill*         0x00000000080053c1        0x3 
 .rodata        0x00000000080053c4        0x5 ThirdParty/tasks.o
 *fill*         0x00000000080053c9        0x3 
 .rodata        0x00000000080053cc        0xd ThirdParty/timers.o
 *(.rodata*)
 *fill*         0x00000000080053d9        0x3 
 .rodata.AHBPrescTable
                0x00000000080053dc       0x10 Core/Src/system_stm32f4xx.o
                0x00000000080053dc                AHBPrescTable
 .rodata.APBPrescTable
                0x00000000080053ec        0x8 Core/Src/system_stm32f4xx.o
                0x00000000080053ec                APBPrescTable
 .rodata._global_impure_ptr
                0x00000000080053f4        0x4 c:/st/stm32cubeide_1.1.0/stm32cubeide/plugins/com.st.stm32cube.ide.mcu.externaltools.gnu-tools-for-stm32.9-2020-q2-update.win32_1.5.0.202011040924/tools/bin/../lib/gcc/arm-none-eabi/9.3.1/../../../../arm-none-eabi/lib/thumb/v7e-m+fp/hard\libc_nano.a(lib_a-impure.o)
                0x00000000080053f4                _global_impure_ptr
 .rodata.__sf_fake_stderr
                0x00000000080053f8       0x20 c:/st/stm32cubeide_1.1.0/stm32cubeide/plugins/com.st.stm32cube.ide.mcu.externaltools.gnu-tools-for-stm32.9-2020-q2-update.win32_1.5.0.202011040924/tools/bin/../lib/gcc/arm-none-eabi/9.3.1/../../../../arm-none-eabi/lib/thumb/v7e-m+fp/hard\libc_nano.a(lib_a-findfp.o)
                0x00000000080053f8                __sf_fake_stderr
 .rodata.__sf_fake_stdin
                0x0000000008005418       0x20 c:/st/stm32cubeide_1.1.0/stm32cubeide/plugins/com.st.stm32cube.ide.mcu.externaltools.gnu-tools-for-stm32.9-2020-q2-update.win32_1.5.0.202011040924/tools/bin/../lib/gcc/arm-none-eabi/9.3.1/../../../../arm-none-eabi/lib/thumb/v7e-m+fp/hard\libc_nano.a(lib_a-findfp.o)
                0x0000000008005418                __sf_fake_stdin
 .rodata.__sf_fake_stdout
                0x0000000008005438       0x20 c:/st/stm32cubeide_1.1.0/stm32cubeide/plugins/com.st.stm32cube.ide.mcu.externaltools.gnu-tools-for-stm32.9-2020-q2-update.win32_1.5.0.202011040924/tools/bin/../lib/gcc/arm-none-eabi/9.3.1/../../../../arm-none-eabi/lib/thumb/v7e-m+fp/hard\libc_nano.a(lib_a-findfp.o)
                0x0000000008005438                __sf_fake_stdout
 .rodata._vfprintf_r.str1.1
                0x0000000008005458       0x11 c:/st/stm32cubeide_1.1.0/stm32cubeide/plugins/com.st.stm32cube.ide.mcu.externaltools.gnu-tools-for-stm32.9-2020-q2-update.win32_1.5.0.202011040924/tools/bin/../lib/gcc/arm-none-eabi/9.3.1/../../../../arm-none-eabi/lib/thumb/v7e-m+fp/hard\libc_nano.a(lib_a-nano-vfprintf.o)
 .rodata._printf_i.str1.1
                0x0000000008005469       0x22 c:/st/stm32cubeide_1.1.0/stm32cubeide/plugins/com.st.stm32cube.ide.mcu.externaltools.gnu-tools-for-stm32.9-2020-q2-update.win32_1.5.0.202011040924/tools/bin/../lib/gcc/arm-none-eabi/9.3.1/../../../../arm-none-eabi/lib/thumb/v7e-m+fp/hard\libc_nano.a(lib_a-nano-vfprintf_i.o)
                0x000000000800548c                . = ALIGN (0x4)
 *fill*         0x000000000800548b        0x1 

.ARM.extab      0x000000000800548c        0x0
                0x000000000800548c                . = ALIGN (0x4)
 *(.ARM.extab* .gnu.linkonce.armextab.*)
                0x000000000800548c                . = ALIGN (0x4)

.ARM            0x000000000800548c        0x8
                0x000000000800548c                . = ALIGN (0x4)
                0x000000000800548c                __exidx_start = .
 *(.ARM.exidx*)
 .ARM.exidx     0x000000000800548c        0x8 c:/st/stm32cubeide_1.1.0/stm32cubeide/plugins/com.st.stm32cube.ide.mcu.externaltools.gnu-tools-for-stm32.9-2020-q2-update.win32_1.5.0.202011040924/tools/bin/../lib/gcc/arm-none-eabi/9.3.1/thumb/v7e-m+fp/hard\libgcc.a(_udivmoddi4.o)
                0x0000000008005494                __exidx_end = .
                0x0000000008005494                . = ALIGN (0x4)

.rel.dyn        0x0000000008005494        0x0
 .rel.iplt      0x0000000008005494        0x0 c:/st/stm32cubeide_1.1.0/stm32cubeide/plugins/com.st.stm32cube.ide.mcu.externaltools.gnu-tools-for-stm32.9-2020-q2-update.win32_1.5.0.202011040924/tools/bin/../lib/gcc/arm-none-eabi/9.3.1/thumb/v7e-m+fp/hard/crtbegin.o

.preinit_array  0x0000000008005494        0x0
                0x0000000008005494                . = ALIGN (0x4)
                0x0000000008005494                PROVIDE (__preinit_array_start = .)
 *(.preinit_array*)
                0x0000000008005494                PROVIDE (__preinit_array_end = .)
                0x0000000008005494                . = ALIGN (0x4)

.init_array     0x0000000008005494        0x4
                0x0000000008005494                . = ALIGN (0x4)
                0x0000000008005494                PROVIDE (__init_array_start = .)
 *(SORT_BY_NAME(.init_array.*))
 *(.init_array*)
 .init_array    0x0000000008005494        0x4 c:/st/stm32cubeide_1.1.0/stm32cubeide/plugins/com.st.stm32cube.ide.mcu.externaltools.gnu-tools-for-stm32.9-2020-q2-update.win32_1.5.0.202011040924/tools/bin/../lib/gcc/arm-none-eabi/9.3.1/thumb/v7e-m+fp/hard/crtbegin.o
                0x0000000008005498                PROVIDE (__init_array_end = .)
                0x0000000008005498                . = ALIGN (0x4)

.fini_array     0x0000000008005498        0x4
                0x0000000008005498                . = ALIGN (0x4)
                [!provide]                        PROVIDE (__fini_array_start = .)
 *(SORT_BY_NAME(.fini_array.*))
 *(.fini_array*)
 .fini_array    0x0000000008005498        0x4 c:/st/stm32cubeide_1.1.0/stm32cubeide/plugins/com.st.stm32cube.ide.mcu.externaltools.gnu-tools-for-stm32.9-2020-q2-update.win32_1.5.0.202011040924/tools/bin/../lib/gcc/arm-none-eabi/9.3.1/thumb/v7e-m+fp/hard/crtbegin.o
                [!provide]                        PROVIDE (__fini_array_end = .)
                0x000000000800549c                . = ALIGN (0x4)
                0x000000000800549c                _sidata = LOADADDR (.data)

.data           0x0000000020000000       0x78 load address 0x000000000800549c
                0x0000000020000000                . = ALIGN (0x4)
                0x0000000020000000                _sdata = .
 *(.data)
 *(.data*)
 .data.SystemCoreClock
                0x0000000020000000        0x4 Core/Src/system_stm32f4xx.o
                0x0000000020000000                SystemCoreClock
 .data.uwTickPrio
                0x0000000020000004        0x4 Drivers/STM32F4xx_HAL_Driver/Src/stm32f4xx_hal.o
                0x0000000020000004                uwTickPrio
 .data.uwTickFreq
                0x0000000020000008        0x1 Drivers/STM32F4xx_HAL_Driver/Src/stm32f4xx_hal.o
                0x0000000020000008                uwTickFreq
 *fill*         0x0000000020000009        0x3 
 .data.uxTopUsedPriority
                0x000000002000000c        0x4 ThirdParty/tasks.o
                0x000000002000000c                uxTopUsedPriority
 .data.uxCriticalNesting
                0x0000000020000010        0x4 ThirdParty/portable/GCC/ARM_CM4F/port.o
 .data._impure_ptr
                0x0000000020000014        0x4 c:/st/stm32cubeide_1.1.0/stm32cubeide/plugins/com.st.stm32cube.ide.mcu.externaltools.gnu-tools-for-stm32.9-2020-q2-update.win32_1.5.0.202011040924/tools/bin/../lib/gcc/arm-none-eabi/9.3.1/../../../../arm-none-eabi/lib/thumb/v7e-m+fp/hard\libc_nano.a(lib_a-impure.o)
                0x0000000020000014                _impure_ptr
 .data.impure_data
                0x0000000020000018       0x60 c:/st/stm32cubeide_1.1.0/stm32cubeide/plugins/com.st.stm32cube.ide.mcu.externaltools.gnu-tools-for-stm32.9-2020-q2-update.win32_1.5.0.202011040924/tools/bin/../lib/gcc/arm-none-eabi/9.3.1/../../../../arm-none-eabi/lib/thumb/v7e-m+fp/hard\libc_nano.a(lib_a-impure.o)
 *(.RamFunc)
 *(.RamFunc*)
                0x0000000020000078                . = ALIGN (0x4)
                0x0000000020000078                _edata = .

.igot.plt       0x0000000020000078        0x0 load address 0x0000000008005514
 .igot.plt      0x0000000020000078        0x0 c:/st/stm32cubeide_1.1.0/stm32cubeide/plugins/com.st.stm32cube.ide.mcu.externaltools.gnu-tools-for-stm32.9-2020-q2-update.win32_1.5.0.202011040924/tools/bin/../lib/gcc/arm-none-eabi/9.3.1/thumb/v7e-m+fp/hard/crtbegin.o
                0x0000000020000078                . = ALIGN (0x4)

.bss            0x0000000020000078    0x12e2c load address 0x0000000008005514
                0x0000000020000078                _sbss = .
                0x0000000020000078                __bss_start__ = _sbss
 *(.bss)
 .bss           0x0000000020000078       0x1c c:/st/stm32cubeide_1.1.0/stm32cubeide/plugins/com.st.stm32cube.ide.mcu.externaltools.gnu-tools-for-stm32.9-2020-q2-update.win32_1.5.0.202011040924/tools/bin/../lib/gcc/arm-none-eabi/9.3.1/thumb/v7e-m+fp/hard/crtbegin.o
 *(.bss*)
 .bss.pxCurrentTCB
                0x0000000020000094        0x4 ThirdParty/tasks.o
                0x0000000020000094                pxCurrentTCB
 .bss.pxReadyTasksLists
                0x0000000020000098       0x64 ThirdParty/tasks.o
 .bss.xDelayedTaskList1
                0x00000000200000fc       0x14 ThirdParty/tasks.o
 .bss.xDelayedTaskList2
                0x0000000020000110       0x14 ThirdParty/tasks.o
 .bss.pxDelayedTaskList
                0x0000000020000124        0x4 ThirdParty/tasks.o
 .bss.pxOverflowDelayedTaskList
                0x0000000020000128        0x4 ThirdParty/tasks.o
 .bss.xPendingReadyList
                0x000000002000012c       0x14 ThirdParty/tasks.o
 .bss.xTasksWaitingTermination
                0x0000000020000140       0x14 ThirdParty/tasks.o
 .bss.uxDeletedTasksWaitingCleanUp
                0x0000000020000154        0x4 ThirdParty/tasks.o
 .bss.xSuspendedTaskList
                0x0000000020000158       0x14 ThirdParty/tasks.o
 .bss.uxCurrentNumberOfTasks
                0x000000002000016c        0x4 ThirdParty/tasks.o
 .bss.xTickCount
                0x0000000020000170        0x4 ThirdParty/tasks.o
 .bss.uxTopReadyPriority
                0x0000000020000174        0x4 ThirdParty/tasks.o
 .bss.xSchedulerRunning
                0x0000000020000178        0x4 ThirdParty/tasks.o
 .bss.xPendedTicks
                0x000000002000017c        0x4 ThirdParty/tasks.o
 .bss.xYieldPending
                0x0000000020000180        0x4 ThirdParty/tasks.o
 .bss.xNumOfOverflows
                0x0000000020000184        0x4 ThirdParty/tasks.o
 .bss.uxTaskNumber
                0x0000000020000188        0x4 ThirdParty/tasks.o
 .bss.xNextTaskUnblockTime
                0x000000002000018c        0x4 ThirdParty/tasks.o
 .bss.xIdleTaskHandle
                0x0000000020000190        0x4 ThirdParty/tasks.o
 .bss.uxSchedulerSuspended
                0x0000000020000194        0x4 ThirdParty/tasks.o
 .bss.xActiveTimerList1
                0x0000000020000198       0x14 ThirdParty/timers.o
 .bss.xActiveTimerList2
                0x00000000200001ac       0x14 ThirdParty/timers.o
 .bss.pxCurrentTimerList
                0x00000000200001c0        0x4 ThirdParty/timers.o
 .bss.pxOverflowTimerList
                0x00000000200001c4        0x4 ThirdParty/timers.o
 .bss.xTimerQueue
                0x00000000200001c8        0x4 ThirdParty/timers.o
 .bss.xTimerTaskHandle
                0x00000000200001cc        0x4 ThirdParty/timers.o
 .bss.xLastTime.6904
                0x00000000200001d0        0x4 ThirdParty/timers.o
 .bss.ucMaxSysCallPriority
                0x00000000200001d4        0x1 ThirdParty/portable/GCC/ARM_CM4F/port.o
 *fill*         0x00000000200001d5        0x3 
 .bss.ulMaxPRIGROUPValue
                0x00000000200001d8        0x4 ThirdParty/portable/GCC/ARM_CM4F/port.o
 .bss.ucHeap    0x00000000200001dc    0x12c00 ThirdParty/portable/MemMang/heap_4.o
 .bss.xStart    0x0000000020012ddc        0x8 ThirdParty/portable/MemMang/heap_4.o
 .bss.pxEnd     0x0000000020012de4        0x4 ThirdParty/portable/MemMang/heap_4.o
 .bss.xFreeBytesRemaining
                0x0000000020012de8        0x4 ThirdParty/portable/MemMang/heap_4.o
 .bss.xMinimumEverFreeBytesRemaining
                0x0000000020012dec        0x4 ThirdParty/portable/MemMang/heap_4.o
 .bss.xNumberOfSuccessfulAllocations
                0x0000000020012df0        0x4 ThirdParty/portable/MemMang/heap_4.o
 .bss.xNumberOfSuccessfulFrees
                0x0000000020012df4        0x4 ThirdParty/portable/MemMang/heap_4.o
 .bss.xBlockAllocatedBit
                0x0000000020012df8        0x4 ThirdParty/portable/MemMang/heap_4.o
 .bss.__malloc_free_list
                0x0000000020012dfc        0x4 c:/st/stm32cubeide_1.1.0/stm32cubeide/plugins/com.st.stm32cube.ide.mcu.externaltools.gnu-tools-for-stm32.9-2020-q2-update.win32_1.5.0.202011040924/tools/bin/../lib/gcc/arm-none-eabi/9.3.1/../../../../arm-none-eabi/lib/thumb/v7e-m+fp/hard\libc_nano.a(lib_a-nano-mallocr.o)
                0x0000000020012dfc                __malloc_free_list
 .bss.__malloc_sbrk_start
                0x0000000020012e00        0x4 c:/st/stm32cubeide_1.1.0/stm32cubeide/plugins/com.st.stm32cube.ide.mcu.externaltools.gnu-tools-for-stm32.9-2020-q2-update.win32_1.5.0.202011040924/tools/bin/../lib/gcc/arm-none-eabi/9.3.1/../../../../arm-none-eabi/lib/thumb/v7e-m+fp/hard\libc_nano.a(lib_a-nano-mallocr.o)
                0x0000000020012e00                __malloc_sbrk_start
 .bss.heap_end.5507
                0x0000000020012e04        0x4 c:/st/stm32cubeide_1.1.0/stm32cubeide/plugins/com.st.stm32cube.ide.mcu.externaltools.gnu-tools-for-stm32.9-2020-q2-update.win32_1.5.0.202011040924/tools/bin/../lib/gcc/arm-none-eabi/9.3.1/../../../../arm-none-eabi/lib/thumb/v7e-m+fp/hard\libnosys.a(sbrk.o)
 *(COMMON)
 COMMON         0x0000000020012e08       0x48 Core/Src/stm32f4xx_hal_timebase_tim.o
                0x0000000020012e08                htim6
 COMMON         0x0000000020012e50        0x4 Drivers/STM32F4xx_HAL_Driver/Src/stm32f4xx_hal.o
                0x0000000020012e50                uwTick
 COMMON         0x0000000020012e54       0x40 ThirdParty/queue.o
                0x0000000020012e54                xQueueRegistry
 COMMON         0x0000000020012e94        0x9 c:/st/stm32cubeide_1.1.0/stm32cubeide/plugins/com.st.stm32cube.ide.mcu.externaltools.gnu-tools-for-stm32.9-2020-q2-update.win32_1.5.0.202011040924/tools/bin/../lib/gcc/arm-none-eabi/9.3.1/../../../../arm-none-eabi/lib/thumb/v7e-m+fp/hard\libc_nano.a(lib_a-lock.o)
                0x0000000020012e94                __lock___atexit_recursive_mutex
                0x0000000020012e95                __lock___arc4random_mutex
                0x0000000020012e96                __lock___env_recursive_mutex
                0x0000000020012e97                __lock___sinit_recursive_mutex
                0x0000000020012e98                __lock___malloc_recursive_mutex
                0x0000000020012e99                __lock___at_quick_exit_mutex
                0x0000000020012e9a                __lock___dd_hash_mutex
                0x0000000020012e9b                __lock___tz_mutex
                0x0000000020012e9c                __lock___sfp_recursive_mutex
 *fill*         0x0000000020012e9d        0x3 
 COMMON         0x0000000020012ea0        0x4 c:/st/stm32cubeide_1.1.0/stm32cubeide/plugins/com.st.stm32cube.ide.mcu.externaltools.gnu-tools-for-stm32.9-2020-q2-update.win32_1.5.0.202011040924/tools/bin/../lib/gcc/arm-none-eabi/9.3.1/../../../../arm-none-eabi/lib/thumb/v7e-m+fp/hard\libc_nano.a(lib_a-reent.o)
                0x0000000020012ea0                errno
                0x0000000020012ea4                . = ALIGN (0x4)
                0x0000000020012ea4                _ebss = .
                0x0000000020012ea4                __bss_end__ = _ebss

._user_heap_stack
                0x0000000020012ea4      0x604 load address 0x0000000008005514
                0x0000000020012ea8                . = ALIGN (0x8)
 *fill*         0x0000000020012ea4        0x4 
                0x0000000020012ea8                PROVIDE (end = .)
                [!provide]                        PROVIDE (_end = .)
                0x00000000200130a8                . = (. + _Min_Heap_Size)
 *fill*         0x0000000020012ea8      0x200 
                0x00000000200134a8                . = (. + _Min_Stack_Size)
 *fill*         0x00000000200130a8      0x400 
                0x00000000200134a8                . = ALIGN (0x8)

/DISCARD/
 libc.a(*)
 libm.a(*)
 libgcc.a(*)

.ARM.attributes
                0x0000000000000000       0x30
 *(.ARM.attributes)
 .ARM.attributes
                0x0000000000000000       0x1e c:/st/stm32cubeide_1.1.0/stm32cubeide/plugins/com.st.stm32cube.ide.mcu.externaltools.gnu-tools-for-stm32.9-2020-q2-update.win32_1.5.0.202011040924/tools/bin/../lib/gcc/arm-none-eabi/9.3.1/thumb/v7e-m+fp/hard/crti.o
 .ARM.attributes
                0x000000000000001e       0x34 c:/st/stm32cubeide_1.1.0/stm32cubeide/plugins/com.st.stm32cube.ide.mcu.externaltools.gnu-tools-for-stm32.9-2020-q2-update.win32_1.5.0.202011040924/tools/bin/../lib/gcc/arm-none-eabi/9.3.1/thumb/v7e-m+fp/hard/crtbegin.o
 .ARM.attributes
                0x0000000000000052       0x34 Core/Src/main.o
 .ARM.attributes
                0x0000000000000086       0x34 Core/Src/stm32f4xx_hal_msp.o
 .ARM.attributes
                0x00000000000000ba       0x34 Core/Src/stm32f4xx_hal_timebase_tim.o
 .ARM.attributes
                0x00000000000000ee       0x34 Core/Src/stm32f4xx_it.o
 .ARM.attributes
                0x0000000000000122       0x34 Core/Src/syscalls.o
 .ARM.attributes
                0x0000000000000156       0x34 Core/Src/system_stm32f4xx.o
 .ARM.attributes
                0x000000000000018a       0x21 Core/Startup/startup_stm32f407vgtx.o
 .ARM.attributes
                0x00000000000001ab       0x34 Drivers/STM32F4xx_HAL_Driver/Src/stm32f4xx_hal.o
 .ARM.attributes
                0x00000000000001df       0x34 Drivers/STM32F4xx_HAL_Driver/Src/stm32f4xx_hal_cortex.o
 .ARM.attributes
                0x0000000000000213       0x34 Drivers/STM32F4xx_HAL_Driver/Src/stm32f4xx_hal_gpio.o
 .ARM.attributes
                0x0000000000000247       0x34 Drivers/STM32F4xx_HAL_Driver/Src/stm32f4xx_hal_rcc.o
 .ARM.attributes
                0x000000000000027b       0x34 Drivers/STM32F4xx_HAL_Driver/Src/stm32f4xx_hal_tim.o
 .ARM.attributes
                0x00000000000002af       0x34 Drivers/STM32F4xx_HAL_Driver/Src/stm32f4xx_hal_tim_ex.o
 .ARM.attributes
                0x00000000000002e3       0x34 ThirdParty/list.o
 .ARM.attributes
                0x0000000000000317       0x34 ThirdParty/queue.o
 .ARM.attributes
                0x000000000000034b       0x34 ThirdParty/tasks.o
 .ARM.attributes
                0x000000000000037f       0x34 ThirdParty/timers.o
 .ARM.attributes
                0x00000000000003b3       0x34 ThirdParty/portable/GCC/ARM_CM4F/port.o
 .ARM.attributes
                0x00000000000003e7       0x34 ThirdParty/portable/MemMang/heap_4.o
 .ARM.attributes
                0x000000000000041b       0x32 c:/st/stm32cubeide_1.1.0/stm32cubeide/plugins/com.st.stm32cube.ide.mcu.externaltools.gnu-tools-for-stm32.9-2020-q2-update.win32_1.5.0.202011040924/tools/bin/../lib/gcc/arm-none-eabi/9.3.1/../../../../arm-none-eabi/lib/thumb/v7e-m+fp/hard\libc_nano.a(lib_a-impure.o)
 .ARM.attributes
                0x000000000000044d       0x34 c:/st/stm32cubeide_1.1.0/stm32cubeide/plugins/com.st.stm32cube.ide.mcu.externaltools.gnu-tools-for-stm32.9-2020-q2-update.win32_1.5.0.202011040924/tools/bin/../lib/gcc/arm-none-eabi/9.3.1/../../../../arm-none-eabi/lib/thumb/v7e-m+fp/hard\libc_nano.a(lib_a-init.o)
 .ARM.attributes
                0x0000000000000481       0x34 c:/st/stm32cubeide_1.1.0/stm32cubeide/plugins/com.st.stm32cube.ide.mcu.externaltools.gnu-tools-for-stm32.9-2020-q2-update.win32_1.5.0.202011040924/tools/bin/../lib/gcc/arm-none-eabi/9.3.1/../../../../arm-none-eabi/lib/thumb/v7e-m+fp/hard\libc_nano.a(lib_a-memcpy-stub.o)
 .ARM.attributes
                0x00000000000004b5       0x34 c:/st/stm32cubeide_1.1.0/stm32cubeide/plugins/com.st.stm32cube.ide.mcu.externaltools.gnu-tools-for-stm32.9-2020-q2-update.win32_1.5.0.202011040924/tools/bin/../lib/gcc/arm-none-eabi/9.3.1/../../../../arm-none-eabi/lib/thumb/v7e-m+fp/hard\libc_nano.a(lib_a-memset.o)
 .ARM.attributes
                0x00000000000004e9       0x34 c:/st/stm32cubeide_1.1.0/stm32cubeide/plugins/com.st.stm32cube.ide.mcu.externaltools.gnu-tools-for-stm32.9-2020-q2-update.win32_1.5.0.202011040924/tools/bin/../lib/gcc/arm-none-eabi/9.3.1/../../../../arm-none-eabi/lib/thumb/v7e-m+fp/hard\libc_nano.a(lib_a-printf.o)
 .ARM.attributes
                0x000000000000051d       0x34 c:/st/stm32cubeide_1.1.0/stm32cubeide/plugins/com.st.stm32cube.ide.mcu.externaltools.gnu-tools-for-stm32.9-2020-q2-update.win32_1.5.0.202011040924/tools/bin/../lib/gcc/arm-none-eabi/9.3.1/../../../../arm-none-eabi/lib/thumb/v7e-m+fp/hard\libc_nano.a(lib_a-findfp.o)
 .ARM.attributes
                0x0000000000000551       0x34 c:/st/stm32cubeide_1.1.0/stm32cubeide/plugins/com.st.stm32cube.ide.mcu.externaltools.gnu-tools-for-stm32.9-2020-q2-update.win32_1.5.0.202011040924/tools/bin/../lib/gcc/arm-none-eabi/9.3.1/../../../../arm-none-eabi/lib/thumb/v7e-m+fp/hard\libc_nano.a(lib_a-fwalk.o)
 .ARM.attributes
                0x0000000000000585       0x34 c:/st/stm32cubeide_1.1.0/stm32cubeide/plugins/com.st.stm32cube.ide.mcu.externaltools.gnu-tools-for-stm32.9-2020-q2-update.win32_1.5.0.202011040924/tools/bin/../lib/gcc/arm-none-eabi/9.3.1/../../../../arm-none-eabi/lib/thumb/v7e-m+fp/hard\libc_nano.a(lib_a-lock.o)
 .ARM.attributes
                0x00000000000005b9       0x34 c:/st/stm32cubeide_1.1.0/stm32cubeide/plugins/com.st.stm32cube.ide.mcu.externaltools.gnu-tools-for-stm32.9-2020-q2-update.win32_1.5.0.202011040924/tools/bin/../lib/gcc/arm-none-eabi/9.3.1/../../../../arm-none-eabi/lib/thumb/v7e-m+fp/hard\libc_nano.a(lib_a-nano-mallocr.o)
 .ARM.attributes
                0x00000000000005ed       0x34 c:/st/stm32cubeide_1.1.0/stm32cubeide/plugins/com.st.stm32cube.ide.mcu.externaltools.gnu-tools-for-stm32.9-2020-q2-update.win32_1.5.0.202011040924/tools/bin/../lib/gcc/arm-none-eabi/9.3.1/../../../../arm-none-eabi/lib/thumb/v7e-m+fp/hard\libc_nano.a(lib_a-nano-vfprintf.o)
 .ARM.attributes
                0x0000000000000621       0x34 c:/st/stm32cubeide_1.1.0/stm32cubeide/plugins/com.st.stm32cube.ide.mcu.externaltools.gnu-tools-for-stm32.9-2020-q2-update.win32_1.5.0.202011040924/tools/bin/../lib/gcc/arm-none-eabi/9.3.1/../../../../arm-none-eabi/lib/thumb/v7e-m+fp/hard\libc_nano.a(lib_a-nano-vfprintf_i.o)
 .ARM.attributes
                0x0000000000000655       0x34 c:/st/stm32cubeide_1.1.0/stm32cubeide/plugins/com.st.stm32cube.ide.mcu.externaltools.gnu-tools-for-stm32.9-2020-q2-update.win32_1.5.0.202011040924/tools/bin/../lib/gcc/arm-none-eabi/9.3.1/../../../../arm-none-eabi/lib/thumb/v7e-m+fp/hard\libc_nano.a(lib_a-sbrkr.o)
 .ARM.attributes
                0x0000000000000689       0x34 c:/st/stm32cubeide_1.1.0/stm32cubeide/plugins/com.st.stm32cube.ide.mcu.externaltools.gnu-tools-for-stm32.9-2020-q2-update.win32_1.5.0.202011040924/tools/bin/../lib/gcc/arm-none-eabi/9.3.1/../../../../arm-none-eabi/lib/thumb/v7e-m+fp/hard\libc_nano.a(lib_a-stdio.o)
 .ARM.attributes
                0x00000000000006bd       0x34 c:/st/stm32cubeide_1.1.0/stm32cubeide/plugins/com.st.stm32cube.ide.mcu.externaltools.gnu-tools-for-stm32.9-2020-q2-update.win32_1.5.0.202011040924/tools/bin/../lib/gcc/arm-none-eabi/9.3.1/../../../../arm-none-eabi/lib/thumb/v7e-m+fp/hard\libc_nano.a(lib_a-wbuf.o)
 .ARM.attributes
                0x00000000000006f1       0x34 c:/st/stm32cubeide_1.1.0/stm32cubeide/plugins/com.st.stm32cube.ide.mcu.externaltools.gnu-tools-for-stm32.9-2020-q2-update.win32_1.5.0.202011040924/tools/bin/../lib/gcc/arm-none-eabi/9.3.1/../../../../arm-none-eabi/lib/thumb/v7e-m+fp/hard\libc_nano.a(lib_a-writer.o)
 .ARM.attributes
                0x0000000000000725       0x34 c:/st/stm32cubeide_1.1.0/stm32cubeide/plugins/com.st.stm32cube.ide.mcu.externaltools.gnu-tools-for-stm32.9-2020-q2-update.win32_1.5.0.202011040924/tools/bin/../lib/gcc/arm-none-eabi/9.3.1/../../../../arm-none-eabi/lib/thumb/v7e-m+fp/hard\libc_nano.a(lib_a-wsetup.o)
 .ARM.attributes
                0x0000000000000759       0x34 c:/st/stm32cubeide_1.1.0/stm32cubeide/plugins/com.st.stm32cube.ide.mcu.externaltools.gnu-tools-for-stm32.9-2020-q2-update.win32_1.5.0.202011040924/tools/bin/../lib/gcc/arm-none-eabi/9.3.1/../../../../arm-none-eabi/lib/thumb/v7e-m+fp/hard\libc_nano.a(lib_a-closer.o)
 .ARM.attributes
                0x000000000000078d       0x34 c:/st/stm32cubeide_1.1.0/stm32cubeide/plugins/com.st.stm32cube.ide.mcu.externaltools.gnu-tools-for-stm32.9-2020-q2-update.win32_1.5.0.202011040924/tools/bin/../lib/gcc/arm-none-eabi/9.3.1/../../../../arm-none-eabi/lib/thumb/v7e-m+fp/hard\libc_nano.a(lib_a-fflush.o)
 .ARM.attributes
                0x00000000000007c1       0x34 c:/st/stm32cubeide_1.1.0/stm32cubeide/plugins/com.st.stm32cube.ide.mcu.externaltools.gnu-tools-for-stm32.9-2020-q2-update.win32_1.5.0.202011040924/tools/bin/../lib/gcc/arm-none-eabi/9.3.1/../../../../arm-none-eabi/lib/thumb/v7e-m+fp/hard\libc_nano.a(lib_a-lseekr.o)
 .ARM.attributes
                0x00000000000007f5       0x34 c:/st/stm32cubeide_1.1.0/stm32cubeide/plugins/com.st.stm32cube.ide.mcu.externaltools.gnu-tools-for-stm32.9-2020-q2-update.win32_1.5.0.202011040924/tools/bin/../lib/gcc/arm-none-eabi/9.3.1/../../../../arm-none-eabi/lib/thumb/v7e-m+fp/hard\libc_nano.a(lib_a-makebuf.o)
 .ARM.attributes
                0x0000000000000829       0x1c c:/st/stm32cubeide_1.1.0/stm32cubeide/plugins/com.st.stm32cube.ide.mcu.externaltools.gnu-tools-for-stm32.9-2020-q2-update.win32_1.5.0.202011040924/tools/bin/../lib/gcc/arm-none-eabi/9.3.1/../../../../arm-none-eabi/lib/thumb/v7e-m+fp/hard\libc_nano.a(lib_a-memchr.o)
 .ARM.attributes
                0x0000000000000845       0x34 c:/st/stm32cubeide_1.1.0/stm32cubeide/plugins/com.st.stm32cube.ide.mcu.externaltools.gnu-tools-for-stm32.9-2020-q2-update.win32_1.5.0.202011040924/tools/bin/../lib/gcc/arm-none-eabi/9.3.1/../../../../arm-none-eabi/lib/thumb/v7e-m+fp/hard\libc_nano.a(lib_a-mlock.o)
 .ARM.attributes
                0x0000000000000879       0x34 c:/st/stm32cubeide_1.1.0/stm32cubeide/plugins/com.st.stm32cube.ide.mcu.externaltools.gnu-tools-for-stm32.9-2020-q2-update.win32_1.5.0.202011040924/tools/bin/../lib/gcc/arm-none-eabi/9.3.1/../../../../arm-none-eabi/lib/thumb/v7e-m+fp/hard\libc_nano.a(lib_a-nano-freer.o)
 .ARM.attributes
                0x00000000000008ad       0x34 c:/st/stm32cubeide_1.1.0/stm32cubeide/plugins/com.st.stm32cube.ide.mcu.externaltools.gnu-tools-for-stm32.9-2020-q2-update.win32_1.5.0.202011040924/tools/bin/../lib/gcc/arm-none-eabi/9.3.1/../../../../arm-none-eabi/lib/thumb/v7e-m+fp/hard\libc_nano.a(lib_a-readr.o)
 .ARM.attributes
                0x00000000000008e1       0x34 c:/st/stm32cubeide_1.1.0/stm32cubeide/plugins/com.st.stm32cube.ide.mcu.externaltools.gnu-tools-for-stm32.9-2020-q2-update.win32_1.5.0.202011040924/tools/bin/../lib/gcc/arm-none-eabi/9.3.1/../../../../arm-none-eabi/lib/thumb/v7e-m+fp/hard\libc_nano.a(lib_a-reent.o)
 .ARM.attributes
                0x0000000000000915       0x34 c:/st/stm32cubeide_1.1.0/stm32cubeide/plugins/com.st.stm32cube.ide.mcu.externaltools.gnu-tools-for-stm32.9-2020-q2-update.win32_1.5.0.202011040924/tools/bin/../lib/gcc/arm-none-eabi/9.3.1/../../../../arm-none-eabi/lib/thumb/v7e-m+fp/hard\libc_nano.a(lib_a-fstatr.o)
 .ARM.attributes
                0x0000000000000949       0x34 c:/st/stm32cubeide_1.1.0/stm32cubeide/plugins/com.st.stm32cube.ide.mcu.externaltools.gnu-tools-for-stm32.9-2020-q2-update.win32_1.5.0.202011040924/tools/bin/../lib/gcc/arm-none-eabi/9.3.1/../../../../arm-none-eabi/lib/thumb/v7e-m+fp/hard\libc_nano.a(lib_a-isattyr.o)
 .ARM.attributes
                0x000000000000097d       0x1e c:/st/stm32cubeide_1.1.0/stm32cubeide/plugins/com.st.stm32cube.ide.mcu.externaltools.gnu-tools-for-stm32.9-2020-q2-update.win32_1.5.0.202011040924/tools/bin/../lib/gcc/arm-none-eabi/9.3.1/thumb/v7e-m+fp/hard\libgcc.a(_aeabi_uldivmod.o)
 .ARM.attributes
                0x000000000000099b       0x34 c:/st/stm32cubeide_1.1.0/stm32cubeide/plugins/com.st.stm32cube.ide.mcu.externaltools.gnu-tools-for-stm32.9-2020-q2-update.win32_1.5.0.202011040924/tools/bin/../lib/gcc/arm-none-eabi/9.3.1/thumb/v7e-m+fp/hard\libgcc.a(_udivmoddi4.o)
 .ARM.attributes
                0x00000000000009cf       0x1e c:/st/stm32cubeide_1.1.0/stm32cubeide/plugins/com.st.stm32cube.ide.mcu.externaltools.gnu-tools-for-stm32.9-2020-q2-update.win32_1.5.0.202011040924/tools/bin/../lib/gcc/arm-none-eabi/9.3.1/thumb/v7e-m+fp/hard\libgcc.a(_dvmd_tls.o)
 .ARM.attributes
                0x00000000000009ed       0x34 c:/st/stm32cubeide_1.1.0/stm32cubeide/plugins/com.st.stm32cube.ide.mcu.externaltools.gnu-tools-for-stm32.9-2020-q2-update.win32_1.5.0.202011040924/tools/bin/../lib/gcc/arm-none-eabi/9.3.1/../../../../arm-none-eabi/lib/thumb/v7e-m+fp/hard\libnosys.a(sbrk.o)
 .ARM.attributes
                0x0000000000000a21       0x1e c:/st/stm32cubeide_1.1.0/stm32cubeide/plugins/com.st.stm32cube.ide.mcu.externaltools.gnu-tools-for-stm32.9-2020-q2-update.win32_1.5.0.202011040924/tools/bin/../lib/gcc/arm-none-eabi/9.3.1/thumb/v7e-m+fp/hard/crtn.o
OUTPUT(01_TaskCreation.elf elf32-littlearm)
LOAD linker stubs
LOAD c:/st/stm32cubeide_1.1.0/stm32cubeide/plugins/com.st.stm32cube.ide.mcu.externaltools.gnu-tools-for-stm32.9-2020-q2-update.win32_1.5.0.202011040924/tools/bin/../lib/gcc/arm-none-eabi/9.3.1/../../../../arm-none-eabi/lib/thumb/v7e-m+fp/hard\libc.a
LOAD c:/st/stm32cubeide_1.1.0/stm32cubeide/plugins/com.st.stm32cube.ide.mcu.externaltools.gnu-tools-for-stm32.9-2020-q2-update.win32_1.5.0.202011040924/tools/bin/../lib/gcc/arm-none-eabi/9.3.1/../../../../arm-none-eabi/lib/thumb/v7e-m+fp/hard\libm.a
LOAD c:/st/stm32cubeide_1.1.0/stm32cubeide/plugins/com.st.stm32cube.ide.mcu.externaltools.gnu-tools-for-stm32.9-2020-q2-update.win32_1.5.0.202011040924/tools/bin/../lib/gcc/arm-none-eabi/9.3.1/thumb/v7e-m+fp/hard\libgcc.a

.debug_info     0x0000000000000000    0x1311b
 .debug_info    0x0000000000000000     0x1710 Core/Src/main.o
 .debug_info    0x0000000000001710      0x394 Core/Src/stm32f4xx_hal_msp.o
 .debug_info    0x0000000000001aa4      0xc6c Core/Src/stm32f4xx_hal_timebase_tim.o
 .debug_info    0x0000000000002710      0x7cb Core/Src/stm32f4xx_it.o
 .debug_info    0x0000000000002edb      0xff9 Core/Src/syscalls.o
 .debug_info    0x0000000000003ed4      0x5a4 Core/Src/system_stm32f4xx.o
 .debug_info    0x0000000000004478       0x22 Core/Startup/startup_stm32f407vgtx.o
 .debug_info    0x000000000000449a      0x9b2 Drivers/STM32F4xx_HAL_Driver/Src/stm32f4xx_hal.o
 .debug_info    0x0000000000004e4c      0xed7 Drivers/STM32F4xx_HAL_Driver/Src/stm32f4xx_hal_cortex.o
 .debug_info    0x0000000000005d23      0x83e Drivers/STM32F4xx_HAL_Driver/Src/stm32f4xx_hal_gpio.o
 .debug_info    0x0000000000006561      0x996 Drivers/STM32F4xx_HAL_Driver/Src/stm32f4xx_hal_rcc.o
 .debug_info    0x0000000000006ef7     0x2c22 Drivers/STM32F4xx_HAL_Driver/Src/stm32f4xx_hal_tim.o
 .debug_info    0x0000000000009b19     0x15a2 Drivers/STM32F4xx_HAL_Driver/Src/stm32f4xx_hal_tim_ex.o
 .debug_info    0x000000000000b0bb      0xb82 ThirdParty/list.o
 .debug_info    0x000000000000bc3d     0x2017 ThirdParty/queue.o
 .debug_info    0x000000000000dc54     0x2d3d ThirdParty/tasks.o
 .debug_info    0x0000000000010991     0x150d ThirdParty/timers.o
 .debug_info    0x0000000000011e9e      0x4f1 ThirdParty/portable/GCC/ARM_CM4F/port.o
 .debug_info    0x000000000001238f      0xd8c ThirdParty/portable/MemMang/heap_4.o

.debug_abbrev   0x0000000000000000     0x2a5a
 .debug_abbrev  0x0000000000000000      0x30c Core/Src/main.o
 .debug_abbrev  0x000000000000030c      0x11d Core/Src/stm32f4xx_hal_msp.o
 .debug_abbrev  0x0000000000000429      0x1bf Core/Src/stm32f4xx_hal_timebase_tim.o
 .debug_abbrev  0x00000000000005e8      0x176 Core/Src/stm32f4xx_it.o
 .debug_abbrev  0x000000000000075e      0x2a0 Core/Src/syscalls.o
 .debug_abbrev  0x00000000000009fe      0x145 Core/Src/system_stm32f4xx.o
 .debug_abbrev  0x0000000000000b43       0x12 Core/Startup/startup_stm32f407vgtx.o
 .debug_abbrev  0x0000000000000b55      0x1ed Drivers/STM32F4xx_HAL_Driver/Src/stm32f4xx_hal.o
 .debug_abbrev  0x0000000000000d42      0x33c Drivers/STM32F4xx_HAL_Driver/Src/stm32f4xx_hal_cortex.o
 .debug_abbrev  0x000000000000107e      0x1f1 Drivers/STM32F4xx_HAL_Driver/Src/stm32f4xx_hal_gpio.o
 .debug_abbrev  0x000000000000126f      0x275 Drivers/STM32F4xx_HAL_Driver/Src/stm32f4xx_hal_rcc.o
 .debug_abbrev  0x00000000000014e4      0x25e Drivers/STM32F4xx_HAL_Driver/Src/stm32f4xx_hal_tim.o
 .debug_abbrev  0x0000000000001742      0x266 Drivers/STM32F4xx_HAL_Driver/Src/stm32f4xx_hal_tim_ex.o
 .debug_abbrev  0x00000000000019a8      0x1f7 ThirdParty/list.o
 .debug_abbrev  0x0000000000001b9f      0x333 ThirdParty/queue.o
 .debug_abbrev  0x0000000000001ed2      0x39a ThirdParty/tasks.o
 .debug_abbrev  0x000000000000226c      0x2ea ThirdParty/timers.o
 .debug_abbrev  0x0000000000002556      0x231 ThirdParty/portable/GCC/ARM_CM4F/port.o
 .debug_abbrev  0x0000000000002787      0x2d3 ThirdParty/portable/MemMang/heap_4.o

.debug_aranges  0x0000000000000000      0xf30
 .debug_aranges
                0x0000000000000000       0x50 Core/Src/main.o
 .debug_aranges
                0x0000000000000050       0x20 Core/Src/stm32f4xx_hal_msp.o
 .debug_aranges
                0x0000000000000070       0x30 Core/Src/stm32f4xx_hal_timebase_tim.o
 .debug_aranges
                0x00000000000000a0       0x50 Core/Src/stm32f4xx_it.o
 .debug_aranges
                0x00000000000000f0       0xb0 Core/Src/syscalls.o
 .debug_aranges
                0x00000000000001a0       0x28 Core/Src/system_stm32f4xx.o
 .debug_aranges
                0x00000000000001c8       0x28 Core/Startup/startup_stm32f407vgtx.o
 .debug_aranges
                0x00000000000001f0       0xf0 Drivers/STM32F4xx_HAL_Driver/Src/stm32f4xx_hal.o
 .debug_aranges
                0x00000000000002e0      0x118 Drivers/STM32F4xx_HAL_Driver/Src/stm32f4xx_hal_cortex.o
 .debug_aranges
                0x00000000000003f8       0x58 Drivers/STM32F4xx_HAL_Driver/Src/stm32f4xx_hal_gpio.o
 .debug_aranges
                0x0000000000000450       0x88 Drivers/STM32F4xx_HAL_Driver/Src/stm32f4xx_hal_rcc.o
 .debug_aranges
                0x00000000000004d8      0x3d0 Drivers/STM32F4xx_HAL_Driver/Src/stm32f4xx_hal_tim.o
 .debug_aranges
                0x00000000000008a8      0x168 Drivers/STM32F4xx_HAL_Driver/Src/stm32f4xx_hal_tim_ex.o
 .debug_aranges
                0x0000000000000a10       0x40 ThirdParty/list.o
 .debug_aranges
                0x0000000000000a50      0x130 ThirdParty/queue.o
 .debug_aranges
                0x0000000000000b80      0x1f8 ThirdParty/tasks.o
 .debug_aranges
                0x0000000000000d78       0xe0 ThirdParty/timers.o
 .debug_aranges
                0x0000000000000e58       0x80 ThirdParty/portable/GCC/ARM_CM4F/port.o
 .debug_aranges
                0x0000000000000ed8       0x58 ThirdParty/portable/MemMang/heap_4.o

.debug_ranges   0x0000000000000000      0xe08
 .debug_ranges  0x0000000000000000       0x40 Core/Src/main.o
 .debug_ranges  0x0000000000000040       0x10 Core/Src/stm32f4xx_hal_msp.o
 .debug_ranges  0x0000000000000050       0x20 Core/Src/stm32f4xx_hal_timebase_tim.o
 .debug_ranges  0x0000000000000070       0x40 Core/Src/stm32f4xx_it.o
 .debug_ranges  0x00000000000000b0       0xa0 Core/Src/syscalls.o
 .debug_ranges  0x0000000000000150       0x18 Core/Src/system_stm32f4xx.o
 .debug_ranges  0x0000000000000168       0x20 Core/Startup/startup_stm32f407vgtx.o
 .debug_ranges  0x0000000000000188       0xe0 Drivers/STM32F4xx_HAL_Driver/Src/stm32f4xx_hal.o
 .debug_ranges  0x0000000000000268      0x108 Drivers/STM32F4xx_HAL_Driver/Src/stm32f4xx_hal_cortex.o
 .debug_ranges  0x0000000000000370       0x48 Drivers/STM32F4xx_HAL_Driver/Src/stm32f4xx_hal_gpio.o
 .debug_ranges  0x00000000000003b8       0x78 Drivers/STM32F4xx_HAL_Driver/Src/stm32f4xx_hal_rcc.o
 .debug_ranges  0x0000000000000430      0x3c0 Drivers/STM32F4xx_HAL_Driver/Src/stm32f4xx_hal_tim.o
 .debug_ranges  0x00000000000007f0      0x158 Drivers/STM32F4xx_HAL_Driver/Src/stm32f4xx_hal_tim_ex.o
 .debug_ranges  0x0000000000000948       0x30 ThirdParty/list.o
 .debug_ranges  0x0000000000000978      0x120 ThirdParty/queue.o
 .debug_ranges  0x0000000000000a98      0x1e8 ThirdParty/tasks.o
 .debug_ranges  0x0000000000000c80       0xd0 ThirdParty/timers.o
 .debug_ranges  0x0000000000000d50       0x70 ThirdParty/portable/GCC/ARM_CM4F/port.o
 .debug_ranges  0x0000000000000dc0       0x48 ThirdParty/portable/MemMang/heap_4.o

.debug_macro    0x0000000000000000    0x22f25
 .debug_macro   0x0000000000000000      0x3a9 Core/Src/main.o
 .debug_macro   0x00000000000003a9      0xaa8 Core/Src/main.o
 .debug_macro   0x0000000000000e51       0x22 Core/Src/main.o
 .debug_macro   0x0000000000000e73       0x8e Core/Src/main.o
 .debug_macro   0x0000000000000f01       0x51 Core/Src/main.o
 .debug_macro   0x0000000000000f52      0x103 Core/Src/main.o
 .debug_macro   0x0000000000001055       0x6a Core/Src/main.o
 .debug_macro   0x00000000000010bf      0x1df Core/Src/main.o
 .debug_macro   0x000000000000129e      0x100 Core/Src/main.o
 .debug_macro   0x000000000000139e      0x295 Core/Src/main.o
 .debug_macro   0x0000000000001633       0x2e Core/Src/main.o
 .debug_macro   0x0000000000001661       0x2f Core/Src/main.o
 .debug_macro   0x0000000000001690       0x1c Core/Src/main.o
 .debug_macro   0x00000000000016ac       0x22 Core/Src/main.o
 .debug_macro   0x00000000000016ce       0xdf Core/Src/main.o
 .debug_macro   0x00000000000017ad     0x102d Core/Src/main.o
 .debug_macro   0x00000000000027da      0x11f Core/Src/main.o
 .debug_macro   0x00000000000028f9    0x15e58 Core/Src/main.o
 .debug_macro   0x0000000000018751       0x6d Core/Src/main.o
 .debug_macro   0x00000000000187be     0x3666 Core/Src/main.o
 .debug_macro   0x000000000001be24      0x174 Core/Src/main.o
 .debug_macro   0x000000000001bf98       0x5c Core/Src/main.o
 .debug_macro   0x000000000001bff4      0x96b Core/Src/main.o
 .debug_macro   0x000000000001c95f      0x9fe Core/Src/main.o
 .debug_macro   0x000000000001d35d      0x116 Core/Src/main.o
 .debug_macro   0x000000000001d473      0x13e Core/Src/main.o
 .debug_macro   0x000000000001d5b1       0xa5 Core/Src/main.o
 .debug_macro   0x000000000001d656      0x174 Core/Src/main.o
 .debug_macro   0x000000000001d7ca      0x287 Core/Src/main.o
 .debug_macro   0x000000000001da51       0x5f Core/Src/main.o
 .debug_macro   0x000000000001dab0      0x236 Core/Src/main.o
 .debug_macro   0x000000000001dce6      0x12c Core/Src/main.o
 .debug_macro   0x000000000001de12      0x21e Core/Src/main.o
 .debug_macro   0x000000000001e030       0x2e Core/Src/main.o
 .debug_macro   0x000000000001e05e      0x11a Core/Src/main.o
 .debug_macro   0x000000000001e178       0x7e Core/Src/main.o
 .debug_macro   0x000000000001e1f6       0x89 Core/Src/main.o
 .debug_macro   0x000000000001e27f      0x8d1 Core/Src/main.o
 .debug_macro   0x000000000001eb50       0x47 Core/Src/main.o
 .debug_macro   0x000000000001eb97      0x12d Core/Src/main.o
 .debug_macro   0x000000000001ecc4      0x190 Core/Src/main.o
 .debug_macro   0x000000000001ee54      0x15a Core/Src/main.o
 .debug_macro   0x000000000001efae       0xea Core/Src/main.o
 .debug_macro   0x000000000001f098       0x28 Core/Src/main.o
 .debug_macro   0x000000000001f0c0       0x1f Core/Src/main.o
 .debug_macro   0x000000000001f0df       0x12 Core/Src/main.o
 .debug_macro   0x000000000001f0f1      0x50b Core/Src/main.o
 .debug_macro   0x000000000001f5fc       0xc3 Core/Src/main.o
 .debug_macro   0x000000000001f6bf      0x120 Core/Src/main.o
 .debug_macro   0x000000000001f7df       0x52 Core/Src/main.o
 .debug_macro   0x000000000001f831       0x18 Core/Src/main.o
 .debug_macro   0x000000000001f849       0x3c Core/Src/main.o
 .debug_macro   0x000000000001f885       0x34 Core/Src/main.o
 .debug_macro   0x000000000001f8b9       0x16 Core/Src/main.o
 .debug_macro   0x000000000001f8cf       0x35 Core/Src/main.o
 .debug_macro   0x000000000001f904      0x333 Core/Src/main.o
 .debug_macro   0x000000000001fc37       0x10 Core/Src/main.o
 .debug_macro   0x000000000001fc47       0x16 Core/Src/main.o
 .debug_macro   0x000000000001fc5d       0x43 Core/Src/main.o
 .debug_macro   0x000000000001fca0       0x34 Core/Src/main.o
 .debug_macro   0x000000000001fcd4       0x10 Core/Src/main.o
 .debug_macro   0x000000000001fce4       0x58 Core/Src/main.o
 .debug_macro   0x000000000001fd3c       0x71 Core/Src/main.o
 .debug_macro   0x000000000001fdad       0x1c Core/Src/main.o
 .debug_macro   0x000000000001fdc9      0x12a Core/Src/main.o
 .debug_macro   0x000000000001fef3       0x10 Core/Src/main.o
 .debug_macro   0x000000000001ff03       0x1c Core/Src/main.o
 .debug_macro   0x000000000001ff1f       0x52 Core/Src/main.o
 .debug_macro   0x000000000001ff71       0x22 Core/Src/main.o
 .debug_macro   0x000000000001ff93       0x10 Core/Src/main.o
 .debug_macro   0x000000000001ffa3       0x40 Core/Src/main.o
 .debug_macro   0x000000000001ffe3       0xd5 Core/Src/main.o
 .debug_macro   0x00000000000200b8       0x1c Core/Src/main.o
 .debug_macro   0x00000000000200d4       0x3d Core/Src/main.o
 .debug_macro   0x0000000000020111       0x16 Core/Src/main.o
 .debug_macro   0x0000000000020127      0x145 Core/Src/main.o
 .debug_macro   0x000000000002026c      0x1e2 Core/Src/stm32f4xx_hal_msp.o
 .debug_macro   0x000000000002044e      0x1d3 Core/Src/stm32f4xx_hal_timebase_tim.o
 .debug_macro   0x0000000000020621      0x1ec Core/Src/stm32f4xx_it.o
 .debug_macro   0x000000000002080d      0x295 Core/Src/syscalls.o
 .debug_macro   0x0000000000020aa2      0x339 Core/Src/syscalls.o
 .debug_macro   0x0000000000020ddb       0x10 Core/Src/syscalls.o
 .debug_macro   0x0000000000020deb       0x10 Core/Src/syscalls.o
 .debug_macro   0x0000000000020dfb       0x10 Core/Src/syscalls.o
 .debug_macro   0x0000000000020e0b       0x35 Core/Src/syscalls.o
 .debug_macro   0x0000000000020e40      0x12c Core/Src/syscalls.o
 .debug_macro   0x0000000000020f6c       0x16 Core/Src/syscalls.o
 .debug_macro   0x0000000000020f82       0x16 Core/Src/syscalls.o
 .debug_macro   0x0000000000020f98       0x29 Core/Src/syscalls.o
 .debug_macro   0x0000000000020fc1       0x10 Core/Src/syscalls.o
 .debug_macro   0x0000000000020fd1      0x241 Core/Src/syscalls.o
 .debug_macro   0x0000000000021212       0x1c Core/Src/syscalls.o
 .debug_macro   0x000000000002122e       0x10 Core/Src/syscalls.o
 .debug_macro   0x000000000002123e      0x189 Core/Src/syscalls.o
 .debug_macro   0x00000000000213c7       0x16 Core/Src/syscalls.o
 .debug_macro   0x00000000000213dd       0xce Core/Src/syscalls.o
 .debug_macro   0x00000000000214ab      0x1d3 Core/Src/system_stm32f4xx.o
 .debug_macro   0x000000000002167e      0x233 Drivers/STM32F4xx_HAL_Driver/Src/stm32f4xx_hal.o
 .debug_macro   0x00000000000218b1      0x1d3 Drivers/STM32F4xx_HAL_Driver/Src/stm32f4xx_hal_cortex.o
 .debug_macro   0x0000000000021a84      0x1d9 Drivers/STM32F4xx_HAL_Driver/Src/stm32f4xx_hal_gpio.o
 .debug_macro   0x0000000000021c5d      0x1f7 Drivers/STM32F4xx_HAL_Driver/Src/stm32f4xx_hal_rcc.o
 .debug_macro   0x0000000000021e54      0x1d4 Drivers/STM32F4xx_HAL_Driver/Src/stm32f4xx_hal_tim.o
 .debug_macro   0x0000000000022028      0x1d3 Drivers/STM32F4xx_HAL_Driver/Src/stm32f4xx_hal_tim_ex.o
 .debug_macro   0x00000000000221fb      0x1a8 ThirdParty/list.o
 .debug_macro   0x00000000000223a3      0x231 ThirdParty/queue.o
 .debug_macro   0x00000000000225d4       0x16 ThirdParty/queue.o
 .debug_macro   0x00000000000225ea       0x20 ThirdParty/queue.o
 .debug_macro   0x000000000002260a       0x80 ThirdParty/queue.o